Archive member included because of file (symbol)

c:/program files/atmel/atmel toolchain/arm gcc/native/4.8.1443/arm-gnu-toolchain/bin/../lib/gcc/arm-none-eabi/4.8.4/../../../../arm-none-eabi/lib/armv7-m\libm.a(lib_a-w_pow.o)
                              src/adcSensor.o (pow)
c:/program files/atmel/atmel toolchain/arm gcc/native/4.8.1443/arm-gnu-toolchain/bin/../lib/gcc/arm-none-eabi/4.8.4/../../../../arm-none-eabi/lib/armv7-m\libm.a(lib_a-e_pow.o)
                              c:/program files/atmel/atmel toolchain/arm gcc/native/4.8.1443/arm-gnu-toolchain/bin/../lib/gcc/arm-none-eabi/4.8.4/../../../../arm-none-eabi/lib/armv7-m\libm.a(lib_a-w_pow.o) (__ieee754_pow)
c:/program files/atmel/atmel toolchain/arm gcc/native/4.8.1443/arm-gnu-toolchain/bin/../lib/gcc/arm-none-eabi/4.8.4/../../../../arm-none-eabi/lib/armv7-m\libm.a(lib_a-e_sqrt.o)
                              c:/program files/atmel/atmel toolchain/arm gcc/native/4.8.1443/arm-gnu-toolchain/bin/../lib/gcc/arm-none-eabi/4.8.4/../../../../arm-none-eabi/lib/armv7-m\libm.a(lib_a-e_pow.o) (__ieee754_sqrt)
c:/program files/atmel/atmel toolchain/arm gcc/native/4.8.1443/arm-gnu-toolchain/bin/../lib/gcc/arm-none-eabi/4.8.4/../../../../arm-none-eabi/lib/armv7-m\libm.a(lib_a-s_fabs.o)
                              c:/program files/atmel/atmel toolchain/arm gcc/native/4.8.1443/arm-gnu-toolchain/bin/../lib/gcc/arm-none-eabi/4.8.4/../../../../arm-none-eabi/lib/armv7-m\libm.a(lib_a-e_pow.o) (fabs)
c:/program files/atmel/atmel toolchain/arm gcc/native/4.8.1443/arm-gnu-toolchain/bin/../lib/gcc/arm-none-eabi/4.8.4/../../../../arm-none-eabi/lib/armv7-m\libm.a(lib_a-s_finite.o)
                              c:/program files/atmel/atmel toolchain/arm gcc/native/4.8.1443/arm-gnu-toolchain/bin/../lib/gcc/arm-none-eabi/4.8.4/../../../../arm-none-eabi/lib/armv7-m\libm.a(lib_a-w_pow.o) (finite)
c:/program files/atmel/atmel toolchain/arm gcc/native/4.8.1443/arm-gnu-toolchain/bin/../lib/gcc/arm-none-eabi/4.8.4/../../../../arm-none-eabi/lib/armv7-m\libm.a(lib_a-s_fpclassify.o)
                              c:/program files/atmel/atmel toolchain/arm gcc/native/4.8.1443/arm-gnu-toolchain/bin/../lib/gcc/arm-none-eabi/4.8.4/../../../../arm-none-eabi/lib/armv7-m\libm.a(lib_a-w_pow.o) (__fpclassifyd)
c:/program files/atmel/atmel toolchain/arm gcc/native/4.8.1443/arm-gnu-toolchain/bin/../lib/gcc/arm-none-eabi/4.8.4/../../../../arm-none-eabi/lib/armv7-m\libm.a(lib_a-s_lib_ver.o)
                              c:/program files/atmel/atmel toolchain/arm gcc/native/4.8.1443/arm-gnu-toolchain/bin/../lib/gcc/arm-none-eabi/4.8.4/../../../../arm-none-eabi/lib/armv7-m\libm.a(lib_a-w_pow.o) (__fdlib_version)
c:/program files/atmel/atmel toolchain/arm gcc/native/4.8.1443/arm-gnu-toolchain/bin/../lib/gcc/arm-none-eabi/4.8.4/../../../../arm-none-eabi/lib/armv7-m\libm.a(lib_a-s_matherr.o)
                              c:/program files/atmel/atmel toolchain/arm gcc/native/4.8.1443/arm-gnu-toolchain/bin/../lib/gcc/arm-none-eabi/4.8.4/../../../../arm-none-eabi/lib/armv7-m\libm.a(lib_a-w_pow.o) (matherr)
c:/program files/atmel/atmel toolchain/arm gcc/native/4.8.1443/arm-gnu-toolchain/bin/../lib/gcc/arm-none-eabi/4.8.4/../../../../arm-none-eabi/lib/armv7-m\libm.a(lib_a-s_nan.o)
                              c:/program files/atmel/atmel toolchain/arm gcc/native/4.8.1443/arm-gnu-toolchain/bin/../lib/gcc/arm-none-eabi/4.8.4/../../../../arm-none-eabi/lib/armv7-m\libm.a(lib_a-e_pow.o) (nan)
c:/program files/atmel/atmel toolchain/arm gcc/native/4.8.1443/arm-gnu-toolchain/bin/../lib/gcc/arm-none-eabi/4.8.4/../../../../arm-none-eabi/lib/armv7-m\libm.a(lib_a-s_rint.o)
                              c:/program files/atmel/atmel toolchain/arm gcc/native/4.8.1443/arm-gnu-toolchain/bin/../lib/gcc/arm-none-eabi/4.8.4/../../../../arm-none-eabi/lib/armv7-m\libm.a(lib_a-w_pow.o) (rint)
c:/program files/atmel/atmel toolchain/arm gcc/native/4.8.1443/arm-gnu-toolchain/bin/../lib/gcc/arm-none-eabi/4.8.4/../../../../arm-none-eabi/lib/armv7-m\libm.a(lib_a-s_scalbn.o)
                              c:/program files/atmel/atmel toolchain/arm gcc/native/4.8.1443/arm-gnu-toolchain/bin/../lib/gcc/arm-none-eabi/4.8.4/../../../../arm-none-eabi/lib/armv7-m\libm.a(lib_a-e_pow.o) (scalbn)
c:/program files/atmel/atmel toolchain/arm gcc/native/4.8.1443/arm-gnu-toolchain/bin/../lib/gcc/arm-none-eabi/4.8.4/../../../../arm-none-eabi/lib/armv7-m\libm.a(lib_a-s_copysign.o)
                              c:/program files/atmel/atmel toolchain/arm gcc/native/4.8.1443/arm-gnu-toolchain/bin/../lib/gcc/arm-none-eabi/4.8.4/../../../../arm-none-eabi/lib/armv7-m\libm.a(lib_a-s_scalbn.o) (copysign)
c:/program files/atmel/atmel toolchain/arm gcc/native/4.8.1443/arm-gnu-toolchain/bin/../lib/gcc/arm-none-eabi/4.8.4/armv7-m\libgcc.a(_arm_addsubdf3.o)
[...]
Memory Configuration

Name             Origin             Length             Attributes
rom              0x00080000         0x00080000         xr
sram0            0x20000000         0x00010000         xrw
sram1            0x20080000         0x00008000         xrw
ram              0x20070000         0x00018000         xrw
*default*        0x00000000         0xffffffff

Linker script and memory map

LOAD c:/program files/atmel/atmel toolchain/arm gcc/native/4.8.1443/arm-gnu-toolchain/bin/../lib/gcc/arm-none-eabi/4.8.4/armv7-m/crti.o
LOAD c:/program files/atmel/atmel toolchain/arm gcc/native/4.8.1443/arm-gnu-toolchain/bin/../lib/gcc/arm-none-eabi/4.8.4/armv7-m/crtbegin.o
LOAD c:/program files/atmel/atmel toolchain/arm gcc/native/4.8.1443/arm-gnu-toolchain/bin/../lib/gcc/arm-none-eabi/4.8.4/../../../../arm-none-eabi/lib/armv7-m/crt0.o
LOAD src/adcSensor.o
LOAD src/ASF/common/services/delay/sam/cycle_counter.o
LOAD src/ASF/common/services/serial/usart_serial.o
LOAD src/ASF/common/utils/stdio/read.o
LOAD src/ASF/common/utils/stdio/write.o
LOAD src/ASF/sam/drivers/adc/adc.o
LOAD src/ASF/sam/drivers/uart/uart.o
LOAD src/ASF/sam/drivers/usart/usart.o
LOAD src/ASF/thirdparty/freertos/freertos-7.3.0/source/FreeRTOS_CLI.o
LOAD src/io_pwm.o
LOAD src/task_pid.o
LOAD src/task_uart.o
LOAD src/ASF/thirdparty/freertos/freertos-7.3.0/source/list.o
LOAD src/ASF/thirdparty/freertos/freertos-7.3.0/source/portable/gcc/sam/port.o
LOAD src/ASF/thirdparty/freertos/freertos-7.3.0/source/portable/memmang/heap_4.o
LOAD src/ASF/thirdparty/freertos/freertos-7.3.0/source/queue.o
LOAD src/ASF/thirdparty/freertos/freertos-7.3.0/source/tasks.o
LOAD src/ASF/thirdparty/freertos/freertos-7.3.0/source/timers.o
LOAD src/ASF/sam/drivers/adc/adc_sam3u.o
LOAD src/ASF/sam/drivers/dacc/dacc.o
LOAD src/ASF/sam/drivers/pwm/pwm.o
LOAD src/ASF/sam/drivers/tc/tc.o
LOAD src/io_uart.o
LOAD src/ASF/common/services/clock/sam3x/sysclk.o
LOAD src/ASF/common/utils/interrupt/interrupt_sam_nvic.o
LOAD src/ASF/sam/boards/arduino_due_x/init.o
LOAD src/ASF/sam/drivers/pio/pio.o
LOAD src/ASF/sam/drivers/pio/pio_handler.o
LOAD src/ASF/sam/drivers/pmc/pmc.o
LOAD src/ASF/sam/drivers/pmc/sleep.o
LOAD src/ASF/sam/utils/cmsis/sam3x/source/templates/exceptions.o
LOAD src/ASF/sam/utils/cmsis/sam3x/source/templates/gcc/startup_sam3x.o
LOAD src/ASF/sam/utils/cmsis/sam3x/source/templates/system_sam3x.o
LOAD src/ASF/sam/utils/syscalls/gcc/syscalls.o
LOAD src/main.o
START GROUP
LOAD ../src/ASF/thirdparty/CMSIS/Lib/GCC\libarm_cortexM3l_math.a
LOAD c:/program files/atmel/atmel toolchain/arm gcc/native/4.8.1443/arm-gnu-toolchain/bin/../lib/gcc/arm-none-eabi/4.8.4/../../../../arm-none-eabi/lib/armv7-m\libm.a
END GROUP
START GROUP
LOAD c:/program files/atmel/atmel toolchain/arm gcc/native/4.8.1443/arm-gnu-toolchain/bin/../lib/gcc/arm-none-eabi/4.8.4/armv7-m\libgcc.a
LOAD c:/program files/atmel/atmel toolchain/arm gcc/native/4.8.1443/arm-gnu-toolchain/bin/../lib/gcc/arm-none-eabi/4.8.4/../../../../arm-none-eabi/lib/armv7-m\libc.a
END GROUP
LOAD c:/program files/atmel/atmel toolchain/arm gcc/native/4.8.1443/arm-gnu-toolchain/bin/../lib/gcc/arm-none-eabi/4.8.4/armv7-m/crtend.o
LOAD c:/program files/atmel/atmel toolchain/arm gcc/native/4.8.1443/arm-gnu-toolchain/bin/../lib/gcc/arm-none-eabi/4.8.4/armv7-m/crtn.o
                0x00002000                __stack_size__ = DEFINED (__stack_size__)?__stack_size__:0x2000
                0x20087ffc                __ram_end__ = ((ORIGIN (ram) + 0x18000) - 0x4)

.text           0x00080000     0x4c4c
                0x00080000                . = ALIGN (0x4)
                0x00080000                _sfixed = .
 *(.vectors .vectors.*)
 .vectors       0x00080000       0xf4 src/ASF/sam/utils/cmsis/sam3x/source/templates/gcc/startup_sam3x.o
                0x00080000                exception_table
 *(.text .text.* .gnu.linkonce.t.*)
 .text          0x000800f4       0x54 c:/program files/atmel/atmel toolchain/arm gcc/native/4.8.1443/arm-gnu-toolchain/bin/../lib/gcc/arm-none-eabi/4.8.4/armv7-m/crtbegin.o
 .text.adc_setup
                0x00080148       0x64 src/adcSensor.o
                0x00080148                adc_setup
 .text.adc_init
                0x000801ac       0x34 src/ASF/sam/drivers/adc/adc.o
                0x000801ac                adc_init
 .text.adc_set_resolution
                0x000801e0       0x10 src/ASF/sam/drivers/adc/adc.o
                0x000801e0                adc_set_resolution
 .text.adc_configure_trigger
                0x000801f0       0x10 src/ASF/sam/drivers/adc/adc.o
                0x000801f0                adc_configure_trigger
 .text.adc_configure_timing
                0x00080200       0x20 src/ASF/sam/drivers/adc/adc.o
                0x00080200                adc_configure_timing
 .text.adc_start
                0x00080220        0x8 src/ASF/sam/drivers/adc/adc.o
                0x00080220                adc_start
 .text.adc_enable_channel
                0x00080228        0xc src/ASF/sam/drivers/adc/adc.o
                0x00080228                adc_enable_channel
 .text.adc_get_latest_value
                0x00080234        0x4 src/ASF/sam/drivers/adc/adc.o
                0x00080234                adc_get_latest_value
 .text.adc_get_status
                0x00080238        0x4 src/ASF/sam/drivers/adc/adc.o
                0x00080238                adc_get_status
 .text.pwm_setup
                0x0008023c       0x94 src/io_pwm.o
                0x0008023c                pwm_setup
 .text.pwm_set_duty_cycle
                0x000802d0       0x1c src/io_pwm.o
                0x000802d0                pwm_set_duty_cycle
 .text.regulator
                0x000802ec      0x1a0 src/task_pid.o
                0x000802ec                regulator
 .text.matlab_configure
                0x0008048c      0x180 src/task_pid.o
                0x0008048c                matlab_configure
 .text.task_pid
                0x0008060c       0x4c src/task_pid.o
                0x0008060c                task_pid
 .text.set_communication_time
                0x00080658        0xc src/task_uart.o
                0x00080658                set_communication_time
 .text.set_invalue
                0x00080664        0xc src/task_uart.o
                0x00080664                set_invalue
 .text.set_outvalue
                0x00080670        0xc src/task_uart.o
                0x00080670                set_outvalue
 .text.set_error
                0x0008067c        0xc src/task_uart.o
                0x0008067c                set_error
 .text.set_correct_bits
                0x00080688       0xb0 src/task_uart.o
                0x00080688                set_correct_bits
 .text.task_uart
                0x00080738      0x110 src/task_uart.o
                0x00080738                task_uart
 .text.vListInitialise
                0x00080848       0x18 src/ASF/thirdparty/freertos/freertos-7.3.0/source/list.o
                0x00080848                vListInitialise
 .text.vListInitialiseItem
                0x00080860        0x8 src/ASF/thirdparty/freertos/freertos-7.3.0/source/list.o
                0x00080860                vListInitialiseItem
 .text.vListInsertEnd
                0x00080868       0x1c src/ASF/thirdparty/freertos/freertos-7.3.0/source/list.o
                0x00080868                vListInsertEnd
 .text.vListInsert
                0x00080884       0x44 src/ASF/thirdparty/freertos/freertos-7.3.0/source/list.o
                0x00080884                vListInsert
 .text.uxListRemove
                0x000808c8       0x28 src/ASF/thirdparty/freertos/freertos-7.3.0/source/list.o
                0x000808c8                uxListRemove
 .text.prvPortStartFirstTask
                0x000808f0       0x14 src/ASF/thirdparty/freertos/freertos-7.3.0/source/portable/gcc/sam/port.o
 .text.pxPortInitialiseStack
                0x00080904       0x1c src/ASF/thirdparty/freertos/freertos-7.3.0/source/portable/gcc/sam/port.o
                0x00080904                pxPortInitialiseStack
 .text.SVC_Handler
                0x00080920       0x20 src/ASF/thirdparty/freertos/freertos-7.3.0/source/portable/gcc/sam/port.o
                0x00080920                SVC_Handler
 .text.vPortYieldFromISR
                0x00080940       0x10 src/ASF/thirdparty/freertos/freertos-7.3.0/source/portable/gcc/sam/port.o
                0x00080940                vPortYieldFromISR
 .text.ulPortSetInterruptMask
                0x00080950       0x10 src/ASF/thirdparty/freertos/freertos-7.3.0/source/portable/gcc/sam/port.o
                0x00080950                ulPortSetInterruptMask
 .text.vPortEnterCritical
                0x00080960       0x18 src/ASF/thirdparty/freertos/freertos-7.3.0/source/portable/gcc/sam/port.o
                0x00080960                vPortEnterCritical
 .text.vPortClearInterruptMask
                0x00080978        0x8 src/ASF/thirdparty/freertos/freertos-7.3.0/source/portable/gcc/sam/port.o
                0x00080978                vPortClearInterruptMask
 .text.vPortExitCritical
                0x00080980       0x1c src/ASF/thirdparty/freertos/freertos-7.3.0/source/portable/gcc/sam/port.o
                0x00080980                vPortExitCritical
 .text.PendSV_Handler
                0x0008099c       0x3c src/ASF/thirdparty/freertos/freertos-7.3.0/source/portable/gcc/sam/port.o
                0x0008099c                PendSV_Handler
 .text.SysTick_Handler
                0x000809d8       0x2c src/ASF/thirdparty/freertos/freertos-7.3.0/source/portable/gcc/sam/port.o
                0x000809d8                SysTick_Handler
 .text.vPortSetupTimerInterrupt
                0x00080a04       0x18 src/ASF/thirdparty/freertos/freertos-7.3.0/source/portable/gcc/sam/port.o
                0x00080a04                vPortSetupTimerInterrupt
 .text.xPortStartScheduler
                0x00080a1c       0x38 src/ASF/thirdparty/freertos/freertos-7.3.0/source/portable/gcc/sam/port.o
                0x00080a1c                xPortStartScheduler
 .text.prvInsertBlockIntoFreeList
                0x00080a54       0x58 src/ASF/thirdparty/freertos/freertos-7.3.0/source/portable/memmang/heap_4.o
 .text.pvPortMalloc
                0x00080aac       0xc4 src/ASF/thirdparty/freertos/freertos-7.3.0/source/portable/memmang/heap_4.o
                0x00080aac                pvPortMalloc
 .text.vPortFree
                0x00080b70       0x34 src/ASF/thirdparty/freertos/freertos-7.3.0/source/portable/memmang/heap_4.o
                0x00080b70                vPortFree
 .text.prvCopyDataToQueue
                0x00080ba4       0x64 src/ASF/thirdparty/freertos/freertos-7.3.0/source/queue.o
 .text.prvCopyDataFromQueue
                0x00080c08       0x28 src/ASF/thirdparty/freertos/freertos-7.3.0/source/queue.o
 .text.prvUnlockQueue
                0x00080c30       0x8c src/ASF/thirdparty/freertos/freertos-7.3.0/source/queue.o
 .text.xQueueGenericReset
                0x00080cbc       0x7c src/ASF/thirdparty/freertos/freertos-7.3.0/source/queue.o
                0x00080cbc                xQueueGenericReset
 .text.xQueueGenericCreate
                0x00080d38       0x58 src/ASF/thirdparty/freertos/freertos-7.3.0/source/queue.o
                0x00080d38                xQueueGenericCreate
 .text.xQueueGenericSend
                0x00080d90      0x124 src/ASF/thirdparty/freertos/freertos-7.3.0/source/queue.o
                0x00080d90                xQueueGenericSend
 .text.xQueueGenericSendFromISR
                0x00080eb4       0x90 src/ASF/thirdparty/freertos/freertos-7.3.0/source/queue.o
                0x00080eb4                xQueueGenericSendFromISR
 .text.xQueueGenericReceive
                0x00080f44      0x164 src/ASF/thirdparty/freertos/freertos-7.3.0/source/queue.o
                0x00080f44                xQueueGenericReceive
 .text.vQueueWaitForMessageRestricted
                0x000810a8       0x4c src/ASF/thirdparty/freertos/freertos-7.3.0/source/queue.o
                0x000810a8                vQueueWaitForMessageRestricted
 .text.prvAddCurrentTaskToDelayedList
                0x000810f4       0x5c src/ASF/thirdparty/freertos/freertos-7.3.0/source/tasks.o
 .text.xTaskGenericCreate
                0x00081150      0x208 src/ASF/thirdparty/freertos/freertos-7.3.0/source/tasks.o
                0x00081150                xTaskGenericCreate
 .text.vTaskStartScheduler
                0x00081358       0x6c src/ASF/thirdparty/freertos/freertos-7.3.0/source/tasks.o
                0x00081358                vTaskStartScheduler
 .text.vTaskSuspendAll
                0x000813c4       0x10 src/ASF/thirdparty/freertos/freertos-7.3.0/source/tasks.o
                0x000813c4                vTaskSuspendAll
 .text.xTaskGetTickCount
                0x000813d4       0x20 src/ASF/thirdparty/freertos/freertos-7.3.0/source/tasks.o
                0x000813d4                xTaskGetTickCount
 .text.vTaskIncrementTick
                0x000813f4      0x12c src/ASF/thirdparty/freertos/freertos-7.3.0/source/tasks.o
                0x000813f4                vTaskIncrementTick
 .text.xTaskResumeAll
                0x00081520      0x108 src/ASF/thirdparty/freertos/freertos-7.3.0/source/tasks.o
                0x00081520                xTaskResumeAll
 .text.vTaskDelayUntil
                0x00081628       0x98 src/ASF/thirdparty/freertos/freertos-7.3.0/source/tasks.o
                0x00081628                vTaskDelayUntil
 .text.prvIdleTask
                0x000816c0       0x84 src/ASF/thirdparty/freertos/freertos-7.3.0/source/tasks.o
 .text.vTaskSwitchContext
                0x00081744       0x90 src/ASF/thirdparty/freertos/freertos-7.3.0/source/tasks.o
                0x00081744                vTaskSwitchContext
 .text.vTaskPlaceOnEventList
                0x000817d4       0x64 src/ASF/thirdparty/freertos/freertos-7.3.0/source/tasks.o
                0x000817d4                vTaskPlaceOnEventList
 .text.vTaskPlaceOnEventListRestricted
                0x00081838       0x48 src/ASF/thirdparty/freertos/freertos-7.3.0/source/tasks.o
                0x00081838                vTaskPlaceOnEventListRestricted
 .text.xTaskRemoveFromEventList
                0x00081880       0x84 src/ASF/thirdparty/freertos/freertos-7.3.0/source/tasks.o
                0x00081880                xTaskRemoveFromEventList
 .text.vTaskSetTimeOutState
                0x00081904       0x28 src/ASF/thirdparty/freertos/freertos-7.3.0/source/tasks.o
                0x00081904                vTaskSetTimeOutState
 .text.xTaskCheckForTimeOut
                0x0008192c       0x8c src/ASF/thirdparty/freertos/freertos-7.3.0/source/tasks.o
                0x0008192c                xTaskCheckForTimeOut
 .text.vTaskMissedYield
                0x000819b8        0xc src/ASF/thirdparty/freertos/freertos-7.3.0/source/tasks.o
                0x000819b8                vTaskMissedYield
 .text.xTaskGetCurrentTaskHandle
                0x000819c4        0xc src/ASF/thirdparty/freertos/freertos-7.3.0/source/tasks.o
                0x000819c4                xTaskGetCurrentTaskHandle
 .text.xTaskGetSchedulerState
                0x000819d0       0x20 src/ASF/thirdparty/freertos/freertos-7.3.0/source/tasks.o
                0x000819d0                xTaskGetSchedulerState
 .text.vTaskPriorityInherit
                0x000819f0       0x7c src/ASF/thirdparty/freertos/freertos-7.3.0/source/tasks.o
                0x000819f0                vTaskPriorityInherit
 .text.vTaskPriorityDisinherit
                0x00081a6c       0x50 src/ASF/thirdparty/freertos/freertos-7.3.0/source/tasks.o
                0x00081a6c                vTaskPriorityDisinherit
 .text.prvInsertTimerInActiveList
                0x00081abc       0x50 src/ASF/thirdparty/freertos/freertos-7.3.0/source/timers.o
 .text.prvCheckForValidListAndQueue
                0x00081b0c       0x5c src/ASF/thirdparty/freertos/freertos-7.3.0/source/timers.o
 .text.xTimerCreateTimerTask
                0x00081b68       0x4c src/ASF/thirdparty/freertos/freertos-7.3.0/source/timers.o
                0x00081b68                xTimerCreateTimerTask
 .text.xTimerGenericCommand
                0x00081bb4       0x58 src/ASF/thirdparty/freertos/freertos-7.3.0/source/timers.o
                0x00081bb4                xTimerGenericCommand
 .text.prvSampleTimeNow
                0x00081c0c       0xbc src/ASF/thirdparty/freertos/freertos-7.3.0/source/timers.o
 .text.prvTimerTask
                0x00081cc8      0x180 src/ASF/thirdparty/freertos/freertos-7.3.0/source/timers.o
 .text.pwm_clocks_generate
                0x00081e48       0x58 src/ASF/sam/drivers/pwm/pwm.o
 .text.pwm_init
                0x00081ea0       0x40 src/ASF/sam/drivers/pwm/pwm.o
                0x00081ea0                pwm_init
 .text.pwm_channel_init
                0x00081ee0      0x104 src/ASF/sam/drivers/pwm/pwm.o
                0x00081ee0                pwm_channel_init
 .text.pwm_channel_update_duty
                0x00081fe4       0x24 src/ASF/sam/drivers/pwm/pwm.o
                0x00081fe4                pwm_channel_update_duty
 .text.pwm_channel_enable
                0x00082008        0xc src/ASF/sam/drivers/pwm/pwm.o
                0x00082008                pwm_channel_enable
 .text.pwm_channel_disable
                0x00082014        0xc src/ASF/sam/drivers/pwm/pwm.o
                0x00082014                pwm_channel_disable
 .text.uart_config
                0x00082020       0x40 src/io_uart.o
                0x00082020                uart_config
 .text.uart_transmitter_ready
                0x00082060       0x10 src/io_uart.o
                0x00082060                uart_transmitter_ready
 .text.uart_receiver_ready
                0x00082070       0x10 src/io_uart.o
                0x00082070                uart_receiver_ready
 .text.uart_send_char
                0x00082080        0xc src/io_uart.o
                0x00082080                uart_send_char
 .text.uart_receive_char
                0x0008208c        0xc src/io_uart.o
                0x0008208c                uart_receive_char
 .text.sysclk_init
                0x00082098       0x64 src/ASF/common/services/clock/sam3x/sysclk.o
                0x00082098                sysclk_init
 .text.board_init
                0x000820fc       0x70 src/ASF/sam/boards/arduino_due_x/init.o
                0x000820fc                board_init
 .text.pio_set_peripheral
                0x0008216c       0x40 src/ASF/sam/drivers/pio/pio.o
                0x0008216c                pio_set_peripheral
 .text.pio_set_input
                0x000821ac       0x34 src/ASF/sam/drivers/pio/pio.o
                0x000821ac                pio_set_input
 .text.pio_set_output
                0x000821e0       0x28 src/ASF/sam/drivers/pio/pio.o
                0x000821e0                pio_set_output
 .text.pio_get_interrupt_status
                0x00082208        0x4 src/ASF/sam/drivers/pio/pio.o
                0x00082208                pio_get_interrupt_status
 .text.pio_get_interrupt_mask
                0x0008220c        0x4 src/ASF/sam/drivers/pio/pio.o
                0x0008220c                pio_get_interrupt_mask
 .text.pio_configure_pin
                0x00082210       0xd4 src/ASF/sam/drivers/pio/pio.o
                0x00082210                pio_configure_pin
 .text.pio_configure_pin_group
                0x000822e4       0xa0 src/ASF/sam/drivers/pio/pio.o
                0x000822e4                pio_configure_pin_group
 .text.pio_handler_process
                0x00082384       0x58 src/ASF/sam/drivers/pio/pio_handler.o
                0x00082384                pio_handler_process
 .text.PIOA_Handler
                0x000823dc       0x14 src/ASF/sam/drivers/pio/pio_handler.o
                0x000823dc                PIOA_Handler
 .text.PIOB_Handler
                0x000823f0       0x14 src/ASF/sam/drivers/pio/pio_handler.o
                0x000823f0                PIOB_Handler
 .text.PIOC_Handler
                0x00082404       0x14 src/ASF/sam/drivers/pio/pio_handler.o
                0x00082404                PIOC_Handler
 .text.PIOD_Handler
                0x00082418       0x14 src/ASF/sam/drivers/pio/pio_handler.o
                0x00082418                PIOD_Handler
 .text.pmc_switch_mck_to_pllack
                0x0008242c       0x64 src/ASF/sam/drivers/pmc/pmc.o
                0x0008242c                pmc_switch_mck_to_pllack
 .text.pmc_switch_mainck_to_xtal
                0x00082490       0x54 src/ASF/sam/drivers/pmc/pmc.o
                0x00082490                pmc_switch_mainck_to_xtal
 .text.pmc_osc_is_ready_mainck
                0x000824e4       0x10 src/ASF/sam/drivers/pmc/pmc.o
                0x000824e4                pmc_osc_is_ready_mainck
 .text.pmc_disable_pllack
                0x000824f4       0x10 src/ASF/sam/drivers/pmc/pmc.o
                0x000824f4                pmc_disable_pllack
 .text.pmc_is_locked_pllack
                0x00082504       0x10 src/ASF/sam/drivers/pmc/pmc.o
                0x00082504                pmc_is_locked_pllack
 .text.pmc_enable_periph_clk
                0x00082514       0x58 src/ASF/sam/drivers/pmc/pmc.o
                0x00082514                pmc_enable_periph_clk
 .text.Dummy_Handler
                0x0008256c        0x4 src/ASF/sam/utils/cmsis/sam3x/source/templates/exceptions.o
                0x0008256c                DACC_Handler
                0x0008256c                DebugMon_Handler
                0x0008256c                DMAC_Handler
                0x0008256c                TRNG_Handler
                0x0008256c                HardFault_Handler
                0x0008256c                TC2_Handler
                0x0008256c                USART3_Handler
                0x0008256c                TWI1_Handler
                0x0008256c                NMI_Handler
                0x0008256c                TC7_Handler
                0x0008256c                ADC_Handler
                0x0008256c                SMC_Handler
                0x0008256c                USART0_Handler
                0x0008256c                RTT_Handler
                0x0008256c                EFC1_Handler
                0x0008256c                RTC_Handler
                0x0008256c                UsageFault_Handler
                0x0008256c                TC6_Handler
                0x0008256c                WDT_Handler
                0x0008256c                CAN0_Handler
                0x0008256c                TC4_Handler
                0x0008256c                TC1_Handler
                0x0008256c                HSMCI_Handler
                0x0008256c                TC3_Handler
                0x0008256c                Dummy_Handler
                0x0008256c                TWI0_Handler
                0x0008256c                USART1_Handler
                0x0008256c                SSC_Handler
                0x0008256c                EFC0_Handler
                0x0008256c                PMC_Handler
                0x0008256c                PWM_Handler
                0x0008256c                CAN1_Handler
                0x0008256c                MemManage_Handler
                0x0008256c                SUPC_Handler
                0x0008256c                TC8_Handler
                0x0008256c                USART2_Handler
                0x0008256c                EMAC_Handler
                0x0008256c                UART_Handler
                0x0008256c                BusFault_Handler
                0x0008256c                RSTC_Handler
                0x0008256c                TC0_Handler
                0x0008256c                TC5_Handler
                0x0008256c                UOTGHS_Handler
                0x0008256c                SPI0_Handler
 .text.Reset_Handler
                0x00082570       0xb0 src/ASF/sam/utils/cmsis/sam3x/source/templates/gcc/startup_sam3x.o
                0x00082570                Reset_Handler
 .text.SystemCoreClockUpdate
                0x00082620      0x11c src/ASF/sam/utils/cmsis/sam3x/source/templates/system_sam3x.o
                0x00082620                SystemCoreClockUpdate
 .text.main     0x0008273c       0xf0 src/main.o
                0x0008273c                main
 .text.pow      0x0008282c      0x2f8 c:/program files/atmel/atmel toolchain/arm gcc/native/4.8.1443/arm-gnu-toolchain/bin/../lib/gcc/arm-none-eabi/4.8.4/../../../../arm-none-eabi/lib/armv7-m\libm.a(lib_a-w_pow.o)
                0x0008282c                pow
 *fill*         0x00082b24        0x4 
 .text.__ieee754_pow
                0x00082b28      0xab8 c:/program files/atmel/atmel toolchain/arm gcc/native/4.8.1443/arm-gnu-toolchain/bin/../lib/gcc/arm-none-eabi/4.8.4/../../../../arm-none-eabi/lib/armv7-m\libm.a(lib_a-e_pow.o)
                0x00082b28                __ieee754_pow
 .text.__ieee754_sqrt
                0x000835e0      0x180 c:/program files/atmel/atmel toolchain/arm gcc/native/4.8.1443/arm-gnu-toolchain/bin/../lib/gcc/arm-none-eabi/4.8.4/../../../../arm-none-eabi/lib/armv7-m\libm.a(lib_a-e_sqrt.o)
                0x000835e0                __ieee754_sqrt
 .text.fabs     0x00083760        0x8 c:/program files/atmel/atmel toolchain/arm gcc/native/4.8.1443/arm-gnu-toolchain/bin/../lib/gcc/arm-none-eabi/4.8.4/../../../../arm-none-eabi/lib/armv7-m\libm.a(lib_a-s_fabs.o)
                0x00083760                fabs
 .text.finite   0x00083768        0xc c:/program files/atmel/atmel toolchain/arm gcc/native/4.8.1443/arm-gnu-toolchain/bin/../lib/gcc/arm-none-eabi/4.8.4/../../../../arm-none-eabi/lib/armv7-m\libm.a(lib_a-s_finite.o)
                0x00083768                finite
 .text.__fpclassifyd
                0x00083774       0x50 c:/program files/atmel/atmel toolchain/arm gcc/native/4.8.1443/arm-gnu-toolchain/bin/../lib/gcc/arm-none-eabi/4.8.4/../../../../arm-none-eabi/lib/armv7-m\libm.a(lib_a-s_fpclassify.o)
                0x00083774                __fpclassifyd
 .text.matherr  0x000837c4        0x4 c:/program files/atmel/atmel toolchain/arm gcc/native/4.8.1443/arm-gnu-toolchain/bin/../lib/gcc/arm-none-eabi/4.8.4/../../../../arm-none-eabi/lib/armv7-m\libm.a(lib_a-s_matherr.o)
                0x000837c4                matherr
 .text.nan      0x000837c8        0xc c:/program files/atmel/atmel toolchain/arm gcc/native/4.8.1443/arm-gnu-toolchain/bin/../lib/gcc/arm-none-eabi/4.8.4/../../../../arm-none-eabi/lib/armv7-m\libm.a(lib_a-s_nan.o)
                0x000837c8                nan
 .text.rint     0x000837d4      0x118 c:/program files/atmel/atmel toolchain/arm gcc/native/4.8.1443/arm-gnu-toolchain/bin/../lib/gcc/arm-none-eabi/4.8.4/../../../../arm-none-eabi/lib/armv7-m\libm.a(lib_a-s_rint.o)
                0x000837d4                rint
 *fill*         0x000838ec        0x4 
 .text.scalbn   0x000838f0      0x100 c:/program files/atmel/atmel toolchain/arm gcc/native/4.8.1443/arm-gnu-toolchain/bin/../lib/gcc/arm-none-eabi/4.8.4/../../../../arm-none-eabi/lib/armv7-m\libm.a(lib_a-s_scalbn.o)
                0x000838f0                scalbn
 .text.copysign
                0x000839f0       0x14 c:/program files/atmel/atmel toolchain/arm gcc/native/4.8.1443/arm-gnu-toolchain/bin/../lib/gcc/arm-none-eabi/4.8.4/../../../../arm-none-eabi/lib/armv7-m\libm.a(lib_a-s_copysign.o)
                0x000839f0                copysign
 .text          0x00083a04      0x370 c:/program files/atmel/atmel toolchain/arm gcc/native/4.8.1443/arm-gnu-toolchain/bin/../lib/gcc/arm-none-eabi/4.8.4/armv7-m\libgcc.a(_arm_addsubdf3.o)
                0x00083a04                __aeabi_drsub
                0x00083a0c                __aeabi_dsub
                0x00083a0c                __subdf3
                0x00083a10                __aeabi_dadd
                0x00083a10                __adddf3
                0x00083c88                __floatunsidf
                0x00083c88                __aeabi_ui2d
                0x00083ca8                __floatsidf
                0x00083ca8                __aeabi_i2d
                0x00083ccc                __aeabi_f2d
                0x00083ccc                __extendsfdf2
                0x00083d08                __floatundidf
                0x00083d08                __aeabi_ul2d
                0x00083d18                __floatdidf
                0x00083d18                __aeabi_l2d
 .text          0x00083d74      0x424 c:/program files/atmel/atmel toolchain/arm gcc/native/4.8.1443/arm-gnu-toolchain/bin/../lib/gcc/arm-none-eabi/4.8.4/armv7-m\libgcc.a(_arm_muldivdf3.o)
                0x00083d74                __aeabi_dmul
                0x00083d74                __muldf3
                0x00083fc8                __divdf3
                0x00083fc8                __aeabi_ddiv
 .text          0x00084198      0x110 c:/program files/atmel/atmel toolchain/arm gcc/native/4.8.1443/arm-gnu-toolchain/bin/../lib/gcc/arm-none-eabi/4.8.4/armv7-m\libgcc.a(_arm_cmpdf2.o)
                0x00084198                __gtdf2
                0x00084198                __gedf2
                0x000841a0                __ltdf2
                0x000841a0                __ledf2
                0x000841a8                __nedf2
                0x000841a8                __eqdf2
                0x000841a8                __cmpdf2
                0x00084224                __aeabi_cdrcmple
                0x00084234                __aeabi_cdcmpeq
                0x00084234                __aeabi_cdcmple
                0x00084244                __aeabi_dcmpeq
                0x00084258                __aeabi_dcmplt
                0x0008426c                __aeabi_dcmple
                0x00084280                __aeabi_dcmpge
                0x00084294                __aeabi_dcmpgt
 .text          0x000842a8       0xa0 c:/program files/atmel/atmel toolchain/arm gcc/native/4.8.1443/arm-gnu-toolchain/bin/../lib/gcc/arm-none-eabi/4.8.4/armv7-m\libgcc.a(_arm_truncdfsf2.o)
                0x000842a8                __truncdfsf2
                0x000842a8                __aeabi_d2f
 .text          0x00084348      0x21c c:/program files/atmel/atmel toolchain/arm gcc/native/4.8.1443/arm-gnu-toolchain/bin/../lib/gcc/arm-none-eabi/4.8.4/armv7-m\libgcc.a(_arm_addsubsf3.o)
                0x00084348                __aeabi_frsub
                0x00084350                __subsf3
                0x00084350                __aeabi_fsub
                0x00084354                __aeabi_fadd
                0x00084354                __addsf3
                0x000844b4                __aeabi_ui2f
                0x000844b4                __floatunsisf
                0x000844bc                __aeabi_i2f
                0x000844bc                __floatsisf
                0x000844d8                __aeabi_ul2f
                0x000844d8                __floatundisf
                0x000844e8                __aeabi_l2f
                0x000844e8                __floatdisf
 .text          0x00084564      0x2a0 c:/program files/atmel/atmel toolchain/arm gcc/native/4.8.1443/arm-gnu-toolchain/bin/../lib/gcc/arm-none-eabi/4.8.4/armv7-m\libgcc.a(_arm_muldivsf3.o)
                0x00084564                __mulsf3
                0x00084564                __aeabi_fmul
                0x000846cc                __aeabi_fdiv
                0x000846cc                __divsf3
 .text          0x00084804       0x40 c:/program files/atmel/atmel toolchain/arm gcc/native/4.8.1443/arm-gnu-toolchain/bin/../lib/gcc/arm-none-eabi/4.8.4/armv7-m\libgcc.a(_arm_fixunssfsi.o)
                0x00084804                __fixunssfsi
                0x00084804                __aeabi_f2uiz
 .text.__errno  0x00084844        0xc c:/program files/atmel/atmel toolchain/arm gcc/native/4.8.1443/arm-gnu-toolchain/bin/../lib/gcc/arm-none-eabi/4.8.4/../../../../arm-none-eabi/lib/armv7-m\libc.a(lib_a-errno.o)
                0x00084844                __errno
 .text.__libc_init_array
                0x00084850       0x50 c:/program files/atmel/atmel toolchain/arm gcc/native/4.8.1443/arm-gnu-toolchain/bin/../lib/gcc/arm-none-eabi/4.8.4/../../../../arm-none-eabi/lib/armv7-m\libc.a(lib_a-init.o)
                0x00084850                __libc_init_array
 .text          0x000848a0       0xec c:/program files/atmel/atmel toolchain/arm gcc/native/4.8.1443/arm-gnu-toolchain/bin/../lib/gcc/arm-none-eabi/4.8.4/../../../../arm-none-eabi/lib/armv7-m\libc.a(lib_a-memcpy.o)
                0x000848a0                memcpy
 .text.memset   0x0008498c       0x94 c:/program files/atmel/atmel toolchain/arm gcc/native/4.8.1443/arm-gnu-toolchain/bin/../lib/gcc/arm-none-eabi/4.8.4/../../../../arm-none-eabi/lib/armv7-m\libc.a(lib_a-memset.o)
                0x0008498c                memset
 .text.strncpy  0x00084a20       0x64 c:/program files/atmel/atmel toolchain/arm gcc/native/4.8.1443/arm-gnu-toolchain/bin/../lib/gcc/arm-none-eabi/4.8.4/../../../../arm-none-eabi/lib/armv7-m\libc.a(lib_a-strncpy.o)
                0x00084a20                strncpy
 .text.startup.register_fini
                0x00084a84       0x14 c:/program files/atmel/atmel toolchain/arm gcc/native/4.8.1443/arm-gnu-toolchain/bin/../lib/gcc/arm-none-eabi/4.8.4/../../../../arm-none-eabi/lib/armv7-m\libc.a(lib_a-__call_atexit.o)
 .text.atexit   0x00084a98        0xc c:/program files/atmel/atmel toolchain/arm gcc/native/4.8.1443/arm-gnu-toolchain/bin/../lib/gcc/arm-none-eabi/4.8.4/../../../../arm-none-eabi/lib/armv7-m\libc.a(lib_a-atexit.o)
                0x00084a98                atexit
 .text.__libc_fini_array
                0x00084aa4       0x30 c:/program files/atmel/atmel toolchain/arm gcc/native/4.8.1443/arm-gnu-toolchain/bin/../lib/gcc/arm-none-eabi/4.8.4/../../../../arm-none-eabi/lib/armv7-m\libc.a(lib_a-fini.o)
                0x00084aa4                __libc_fini_array
 .text.__register_exitproc
                0x00084ad4       0xa8 c:/program files/atmel/atmel toolchain/arm gcc/native/4.8.1443/arm-gnu-toolchain/bin/../lib/gcc/arm-none-eabi/4.8.4/../../../../arm-none-eabi/lib/armv7-m\libc.a(lib_a-__atexit.o)
                0x00084ad4                __register_exitproc
 *(.glue_7t)
 .glue_7t       0x00000000        0x0 linker stubs
 *(.glue_7)
 .glue_7        0x00000000        0x0 linker stubs
 *(.rodata .rodata* .gnu.linkonce.r.*)
 .rodata.str1.4
                0x00084b7c       0x1f src/ASF/thirdparty/freertos/freertos-7.3.0/source/tasks.o
                                 0x20 (size before relaxing)
 *fill*         0x00084b9b        0x1 
 .rodata.str1.4
                0x00084b9c        0x8 src/ASF/thirdparty/freertos/freertos-7.3.0/source/timers.o
 .rodata        0x00084ba4       0x2c src/ASF/sam/drivers/pwm/pwm.o
 .rodata.str1.4
                0x00084bd0        0xc src/main.o
 .rodata.str1.4
                0x00084bdc        0x4 c:/program files/atmel/atmel toolchain/arm gcc/native/4.8.1443/arm-gnu-toolchain/bin/../lib/gcc/arm-none-eabi/4.8.4/../../../../arm-none-eabi/lib/armv7-m\libm.a(lib_a-w_pow.o)
 .rodata.dp_h   0x00084be0       0x10 c:/program files/atmel/atmel toolchain/arm gcc/native/4.8.1443/arm-gnu-toolchain/bin/../lib/gcc/arm-none-eabi/4.8.4/../../../../arm-none-eabi/lib/armv7-m\libm.a(lib_a-e_pow.o)
 .rodata.dp_l   0x00084bf0       0x10 c:/program files/atmel/atmel toolchain/arm gcc/native/4.8.1443/arm-gnu-toolchain/bin/../lib/gcc/arm-none-eabi/4.8.4/../../../../arm-none-eabi/lib/armv7-m\libm.a(lib_a-e_pow.o)
 .rodata.bp     0x00084c00       0x10 c:/program files/atmel/atmel toolchain/arm gcc/native/4.8.1443/arm-gnu-toolchain/bin/../lib/gcc/arm-none-eabi/4.8.4/../../../../arm-none-eabi/lib/armv7-m\libm.a(lib_a-e_pow.o)
 .rodata.str1.4
                0x00000000        0x4 c:/program files/atmel/atmel toolchain/arm gcc/native/4.8.1443/arm-gnu-toolchain/bin/../lib/gcc/arm-none-eabi/4.8.4/../../../../arm-none-eabi/lib/armv7-m\libm.a(lib_a-e_pow.o)
 .rodata.TWO52  0x00084c10       0x10 c:/program files/atmel/atmel toolchain/arm gcc/native/4.8.1443/arm-gnu-toolchain/bin/../lib/gcc/arm-none-eabi/4.8.4/../../../../arm-none-eabi/lib/armv7-m\libm.a(lib_a-s_rint.o)
 .rodata.str1.4
                0x00084c20        0x4 c:/program files/atmel/atmel toolchain/arm gcc/native/4.8.1443/arm-gnu-toolchain/bin/../lib/gcc/arm-none-eabi/4.8.4/../../../../arm-none-eabi/lib/armv7-m\libc.a(lib_a-impure.o)
 .rodata._global_impure_ptr
                0x00084c24        0x4 c:/program files/atmel/atmel toolchain/arm gcc/native/4.8.1443/arm-gnu-toolchain/bin/../lib/gcc/arm-none-eabi/4.8.4/../../../../arm-none-eabi/lib/armv7-m\libc.a(lib_a-impure.o)
                0x00084c24                _global_impure_ptr
 *(.ARM.extab* .gnu.linkonce.armextab.*)
                0x00084c28                . = ALIGN (0x4)
 *(.init)
 .init          0x00084c28        0x4 c:/program files/atmel/atmel toolchain/arm gcc/native/4.8.1443/arm-gnu-toolchain/bin/../lib/gcc/arm-none-eabi/4.8.4/armv7-m/crti.o
                0x00084c28                _init
 .init          0x00084c2c        0x8 c:/program files/atmel/atmel toolchain/arm gcc/native/4.8.1443/arm-gnu-toolchain/bin/../lib/gcc/arm-none-eabi/4.8.4/armv7-m/crtn.o
                0x00084c34                . = ALIGN (0x4)
                0x00084c34                __preinit_array_start = .
 *(.preinit_array)
                0x00084c34                __preinit_array_end = .
                0x00084c34                . = ALIGN (0x4)
                0x00084c34                __init_array_start = .
 *(SORT(.init_array.*))
 .init_array.00000
                0x00084c34        0x4 c:/program files/atmel/atmel toolchain/arm gcc/native/4.8.1443/arm-gnu-toolchain/bin/../lib/gcc/arm-none-eabi/4.8.4/../../../../arm-none-eabi/lib/armv7-m\libc.a(lib_a-__call_atexit.o)
 *(.init_array)
 .init_array    0x00084c38        0x4 c:/program files/atmel/atmel toolchain/arm gcc/native/4.8.1443/arm-gnu-toolchain/bin/../lib/gcc/arm-none-eabi/4.8.4/armv7-m/crtbegin.o
                0x00084c3c                __init_array_end = .
                0x00084c3c                . = ALIGN (0x4)
 *crtbegin.o(.ctors)
 *(EXCLUDE_FILE(*crtend.o) .ctors)
 *(SORT(.ctors.*))
 *crtend.o(.ctors)
                0x00084c3c                . = ALIGN (0x4)
 *(.fini)
 .fini          0x00084c3c        0x4 c:/program files/atmel/atmel toolchain/arm gcc/native/4.8.1443/arm-gnu-toolchain/bin/../lib/gcc/arm-none-eabi/4.8.4/armv7-m/crti.o
                0x00084c3c                _fini
 .fini          0x00084c40        0x8 c:/program files/atmel/atmel toolchain/arm gcc/native/4.8.1443/arm-gnu-toolchain/bin/../lib/gcc/arm-none-eabi/4.8.4/armv7-m/crtn.o
                0x00084c48                . = ALIGN (0x4)
                0x00084c48                __fini_array_start = .
 *(.fini_array)
 .fini_array    0x00084c48        0x4 c:/program files/atmel/atmel toolchain/arm gcc/native/4.8.1443/arm-gnu-toolchain/bin/../lib/gcc/arm-none-eabi/4.8.4/armv7-m/crtbegin.o
 *(SORT(.fini_array.*))
                0x00084c4c                __fini_array_end = .
 *crtbegin.o(.dtors)
 *(EXCLUDE_FILE(*crtend.o) .dtors)
 *(SORT(.dtors.*))
 *crtend.o(.dtors)
                0x00084c4c                . = ALIGN (0x4)
                0x00084c4c                _efixed = .
                0x00084c4c                PROVIDE (__exidx_start, .)

.vfp11_veneer   0x00084c4c        0x0
 .vfp11_veneer  0x00000000        0x0 linker stubs

.v4_bx          0x00084c4c        0x0
 .v4_bx         0x00000000        0x0 linker stubs

.iplt           0x00084c4c        0x0
 .iplt          0x00000000        0x0 c:/program files/atmel/atmel toolchain/arm gcc/native/4.8.1443/arm-gnu-toolchain/bin/../lib/gcc/arm-none-eabi/4.8.4/armv7-m/crtbegin.o

.eh_frame       0x00084c4c        0x0
 .eh_frame      0x00084c4c        0x0 c:/program files/atmel/atmel toolchain/arm gcc/native/4.8.1443/arm-gnu-toolchain/bin/../lib/gcc/arm-none-eabi/4.8.4/armv7-m/crtbegin.o

.rel.dyn        0x00084c4c        0x0
 .rel.iplt      0x00000000        0x0 c:/program files/atmel/atmel toolchain/arm gcc/native/4.8.1443/arm-gnu-toolchain/bin/../lib/gcc/arm-none-eabi/4.8.4/armv7-m/crtbegin.o

.jcr            0x00084c4c        0x0
 .jcr           0x00084c4c        0x0 c:/program files/atmel/atmel toolchain/arm gcc/native/4.8.1443/arm-gnu-toolchain/bin/../lib/gcc/arm-none-eabi/4.8.4/armv7-m/crtbegin.o

.igot.plt       0x00084c4c        0x0
 .igot.plt      0x00000000        0x0 c:/program files/atmel/atmel toolchain/arm gcc/native/4.8.1443/arm-gnu-toolchain/bin/../lib/gcc/arm-none-eabi/4.8.4/armv7-m/crtbegin.o

.ARM.exidx
 *(.ARM.exidx* .gnu.linkonce.armexidx.*)
                0x00084c4c                PROVIDE (__exidx_end, .)
                0x00084c4c                . = ALIGN (0x4)
                0x00084c4c                _etext = .

.relocate       0x20070000      0x574 load address 0x00084c4c
                0x20070000                . = ALIGN (0x4)
                0x20070000                _srelocate = .
 *(.ramfunc .ramfunc.*)
 .ramfunc       0x20070000      0x12c src/ASF/sam/utils/cmsis/sam3x/source/templates/system_sam3x.o
                0x20070000                SystemInit
                0x200700a4                system_init_flash
 *(.data .data.*)
 .data.uxCriticalNesting
                0x2007012c        0x4 src/ASF/thirdparty/freertos/freertos-7.3.0/source/portable/gcc/sam/port.o
 .data.xFreeBytesRemaining
                0x20070130        0x4 src/ASF/thirdparty/freertos/freertos-7.3.0/source/portable/memmang/heap_4.o
 .data.xNextTaskUnblockTime
                0x20070134        0x2 src/ASF/thirdparty/freertos/freertos-7.3.0/source/tasks.o
 *fill*         0x20070136        0x2 
 .data.SystemCoreClock
                0x20070138        0x4 src/ASF/sam/utils/cmsis/sam3x/source/templates/system_sam3x.o
                0x20070138                SystemCoreClock
 .data.semafor_signal
                0x2007013c        0x4 src/main.o
                0x2007013c                semafor_signal
 .data.__fdlib_version
                0x20070140        0x1 c:/program files/atmel/atmel toolchain/arm gcc/native/4.8.1443/arm-gnu-toolchain/bin/../lib/gcc/arm-none-eabi/4.8.4/../../../../arm-none-eabi/lib/armv7-m\libm.a(lib_a-s_lib_ver.o)
                0x20070140                __fdlib_version
 *fill*         0x20070141        0x7 
 .data.impure_data
                0x20070148      0x428 c:/program files/atmel/atmel toolchain/arm gcc/native/4.8.1443/arm-gnu-toolchain/bin/../lib/gcc/arm-none-eabi/4.8.4/../../../../arm-none-eabi/lib/armv7-m\libc.a(lib_a-impure.o)
 .data._impure_ptr
                0x20070570        0x4 c:/program files/atmel/atmel toolchain/arm gcc/native/4.8.1443/arm-gnu-toolchain/bin/../lib/gcc/arm-none-eabi/4.8.4/../../../../arm-none-eabi/lib/armv7-m\libc.a(lib_a-impure.o)
                0x20070570                _impure_ptr
                0x20070574                . = ALIGN (0x4)
                0x20070574                _erelocate = .

.bss            0x20070578     0x8298 load address 0x000851c8
                0x20070578                . = ALIGN (0x4)
                0x20070578                _sbss = .
                0x20070578                _szero = .
 *(.bss .bss.*)
 .bss           0x20070578       0x1c c:/program files/atmel/atmel toolchain/arm gcc/native/4.8.1443/arm-gnu-toolchain/bin/../lib/gcc/arm-none-eabi/4.8.4/armv7-m/crtbegin.o
 .bss.pwm_channel_instance
                0x20070594       0x28 src/io_pwm.o
 .bss.xbuff.9387
                0x200705bc       0x10 src/task_pid.o
 .bss.integral.9389
                0x200705cc        0x4 src/task_pid.o
 .bss.prevD.9390
                0x200705d0        0x2 src/task_pid.o
 *fill*         0x200705d2        0x6 
 .bss.xHeap     0x200705d8     0x8000 src/ASF/thirdparty/freertos/freertos-7.3.0/source/portable/memmang/heap_4.o
 .bss.pxEnd     0x200785d8        0x4 src/ASF/thirdparty/freertos/freertos-7.3.0/source/portable/memmang/heap_4.o
 .bss.xStart    0x200785dc        0x8 src/ASF/thirdparty/freertos/freertos-7.3.0/source/portable/memmang/heap_4.o
 .bss.uxMissedTicks
                0x200785e4        0x4 src/ASF/thirdparty/freertos/freertos-7.3.0/source/tasks.o
 .bss.xSuspendedTaskList
                0x200785e8       0x14 src/ASF/thirdparty/freertos/freertos-7.3.0/source/tasks.o
 .bss.pxDelayedTaskList
                0x200785fc        0x4 src/ASF/thirdparty/freertos/freertos-7.3.0/source/tasks.o
 .bss.xSchedulerRunning
                0x20078600        0x4 src/ASF/thirdparty/freertos/freertos-7.3.0/source/tasks.o
 .bss.uxTasksDeleted
                0x20078604        0x4 src/ASF/thirdparty/freertos/freertos-7.3.0/source/tasks.o
 .bss.xTasksWaitingTermination
                0x20078608       0x14 src/ASF/thirdparty/freertos/freertos-7.3.0/source/tasks.o
 .bss.xDelayedTaskList2
                0x2007861c       0x14 src/ASF/thirdparty/freertos/freertos-7.3.0/source/tasks.o
 .bss.uxTopReadyPriority
                0x20078630        0x4 src/ASF/thirdparty/freertos/freertos-7.3.0/source/tasks.o
 .bss.pxReadyTasksLists
                0x20078634       0xc8 src/ASF/thirdparty/freertos/freertos-7.3.0/source/tasks.o
 .bss.uxSchedulerSuspended
                0x200786fc        0x4 src/ASF/thirdparty/freertos/freertos-7.3.0/source/tasks.o
 .bss.pxCurrentTCB
                0x20078700        0x4 src/ASF/thirdparty/freertos/freertos-7.3.0/source/tasks.o
                0x20078700                pxCurrentTCB
 .bss.xPendingReadyList
                0x20078704       0x14 src/ASF/thirdparty/freertos/freertos-7.3.0/source/tasks.o
 .bss.xNumOfOverflows
                0x20078718        0x4 src/ASF/thirdparty/freertos/freertos-7.3.0/source/tasks.o
 .bss.xTickCount
                0x2007871c        0x2 src/ASF/thirdparty/freertos/freertos-7.3.0/source/tasks.o
 *fill*         0x2007871e        0x2 
 .bss.pxOverflowDelayedTaskList
                0x20078720        0x4 src/ASF/thirdparty/freertos/freertos-7.3.0/source/tasks.o
 .bss.uxTaskNumber
                0x20078724        0x4 src/ASF/thirdparty/freertos/freertos-7.3.0/source/tasks.o
 .bss.xDelayedTaskList1
                0x20078728       0x14 src/ASF/thirdparty/freertos/freertos-7.3.0/source/tasks.o
 .bss.xMissedYield
                0x2007873c        0x4 src/ASF/thirdparty/freertos/freertos-7.3.0/source/tasks.o
 .bss.uxCurrentNumberOfTasks
                0x20078740        0x4 src/ASF/thirdparty/freertos/freertos-7.3.0/source/tasks.o
 .bss.uxTopUsedPriority
                0x20078744        0x4 src/ASF/thirdparty/freertos/freertos-7.3.0/source/tasks.o
 .bss.pxCurrentTimerList
                0x20078748        0x4 src/ASF/thirdparty/freertos/freertos-7.3.0/source/timers.o
 .bss.xActiveTimerList1
                0x2007874c       0x14 src/ASF/thirdparty/freertos/freertos-7.3.0/source/timers.o
 .bss.xActiveTimerList2
                0x20078760       0x14 src/ASF/thirdparty/freertos/freertos-7.3.0/source/timers.o
 .bss.xLastTime.4484
                0x20078774        0x2 src/ASF/thirdparty/freertos/freertos-7.3.0/source/timers.o
 *fill*         0x20078776        0x2 
 .bss.xTimerQueue
                0x20078778        0x4 src/ASF/thirdparty/freertos/freertos-7.3.0/source/timers.o
 .bss.pxOverflowTimerList
                0x2007877c        0x4 src/ASF/thirdparty/freertos/freertos-7.3.0/source/timers.o
 .bss.gs_interrupt_sources
                0x20078780       0x70 src/ASF/sam/drivers/pio/pio_handler.o
 *(COMMON)
 COMMON         0x200787f0       0x16 src/task_pid.o
                0x200787f0                proportionalGain
                0x200787f4                timer
                0x200787f8                dT
                0x200787fc                timeIntegral
                0x20078800                timeDerivate
                0x20078804                setPoint
 COMMON         0x20078806        0x8 src/task_uart.o
                0x20078806                invalue
                0x20078808                input
                0x20078809                multiplier
                0x2007880a                outvalue
                0x2007880c                error
                0x20078810                . = ALIGN (0x4)
 *fill*         0x2007880e        0x2 
                0x20078810                _ebss = .
                0x20078810                _ezero = .

.stack          0x20078810     0x2000 load address 0x0008d460
                0x20078810                . = ALIGN (0x8)
                0x20078810                _sstack = .
                0x2007a810                . = (. + __stack_size__)
 *fill*         0x20078810     0x2000 
                0x2007a810                . = ALIGN (0x8)
                0x2007a810                _estack = .
                0x2007a810                . = ALIGN (0x4)
                0x2007a810                _end = .
OUTPUT(Project.elf elf32-littlearm)

.ARM.attributes
                0x00000000       0x29
 .ARM.attributes
                0x00000000       0x1d c:/program files/atmel/atmel toolchain/arm gcc/native/4.8.1443/arm-gnu-toolchain/bin/../lib/gcc/arm-none-eabi/4.8.4/armv7-m/crti.o
 .ARM.attributes
                0x0000001d       0x2d c:/program files/atmel/atmel toolchain/arm gcc/native/4.8.1443/arm-gnu-toolchain/bin/../lib/gcc/arm-none-eabi/4.8.4/armv7-m/crtbegin.o
 .ARM.attributes
                0x0000004a       0x33 src/adcSensor.o
 .ARM.attributes
                0x0000007d       0x33 src/ASF/sam/drivers/adc/adc.o
 .ARM.attributes
                0x000000b0       0x33 src/io_pwm.o
 .ARM.attributes
                0x000000e3       0x33 src/task_pid.o
 .ARM.attributes
                0x00000116       0x33 src/task_uart.o
 .ARM.attributes
                0x00000149       0x33 src/ASF/thirdparty/freertos/freertos-7.3.0/source/list.o
 .ARM.attributes
                0x0000017c       0x33 src/ASF/thirdparty/freertos/freertos-7.3.0/source/portable/gcc/sam/port.o
 .ARM.attributes
                0x000001af       0x33 src/ASF/thirdparty/freertos/freertos-7.3.0/source/portable/memmang/heap_4.o
 .ARM.attributes
                0x000001e2       0x33 src/ASF/thirdparty/freertos/freertos-7.3.0/source/queue.o
 .ARM.attributes
                0x00000215       0x33 src/ASF/thirdparty/freertos/freertos-7.3.0/source/tasks.o
 .ARM.attributes
                0x00000248       0x33 src/ASF/thirdparty/freertos/freertos-7.3.0/source/timers.o
 .ARM.attributes
                0x0000027b       0x33 src/ASF/sam/drivers/pwm/pwm.o
 .ARM.attributes
                0x000002ae       0x33 src/io_uart.o
 .ARM.attributes
                0x000002e1       0x33 src/ASF/common/services/clock/sam3x/sysclk.o
 .ARM.attributes
                0x00000314       0x33 src/ASF/sam/boards/arduino_due_x/init.o
 .ARM.attributes
                0x00000347       0x33 src/ASF/sam/drivers/pio/pio.o
 .ARM.attributes
                0x0000037a       0x33 src/ASF/sam/drivers/pio/pio_handler.o
 .ARM.attributes
                0x000003ad       0x33 src/ASF/sam/drivers/pmc/pmc.o
 .ARM.attributes
                0x000003e0       0x33 src/ASF/sam/utils/cmsis/sam3x/source/templates/exceptions.o
 .ARM.attributes
                0x00000413       0x33 src/ASF/sam/utils/cmsis/sam3x/source/templates/gcc/startup_sam3x.o
 .ARM.attributes
                0x00000446       0x33 src/ASF/sam/utils/cmsis/sam3x/source/templates/system_sam3x.o
 .ARM.attributes
                0x00000479       0x33 src/main.o
 .ARM.attributes
                0x000004ac       0x2d c:/program files/atmel/atmel toolchain/arm gcc/native/4.8.1443/arm-gnu-toolchain/bin/../lib/gcc/arm-none-eabi/4.8.4/../../../../arm-none-eabi/lib/armv7-m\libm.a(lib_a-w_pow.o)
 .ARM.attributes
                0x000004d9       0x2d c:/program files/atmel/atmel toolchain/arm gcc/native/4.8.1443/arm-gnu-toolchain/bin/../lib/gcc/arm-none-eabi/4.8.4/../../../../arm-none-eabi/lib/armv7-m\libm.a(lib_a-e_pow.o)
 .ARM.attributes
                0x00000506       0x2d c:/program files/atmel/atmel toolchain/arm gcc/native/4.8.1443/arm-gnu-toolchain/bin/../lib/gcc/arm-none-eabi/4.8.4/../../../../arm-none-eabi/lib/armv7-m\libm.a(lib_a-e_sqrt.o)
 .ARM.attributes
                0x00000533       0x2d c:/program files/atmel/atmel toolchain/arm gcc/native/4.8.1443/arm-gnu-toolchain/bin/../lib/gcc/arm-none-eabi/4.8.4/../../../../arm-none-eabi/lib/armv7-m\libm.a(lib_a-s_fabs.o)
 .ARM.attributes
                0x00000560       0x2d c:/program files/atmel/atmel toolchain/arm gcc/native/4.8.1443/arm-gnu-toolchain/bin/../lib/gcc/arm-none-eabi/4.8.4/../../../../arm-none-eabi/lib/armv7-m\libm.a(lib_a-s_finite.o)
 .ARM.attributes
                0x0000058d       0x2d c:/program files/atmel/atmel toolchain/arm gcc/native/4.8.1443/arm-gnu-toolchain/bin/../lib/gcc/arm-none-eabi/4.8.4/../../../../arm-none-eabi/lib/armv7-m\libm.a(lib_a-s_fpclassify.o)
 .ARM.attributes
                0x000005ba       0x2d c:/program files/atmel/atmel toolchain/arm gcc/native/4.8.1443/arm-gnu-toolchain/bin/../lib/gcc/arm-none-eabi/4.8.4/../../../../arm-none-eabi/lib/armv7-m\libm.a(lib_a-s_lib_ver.o)
 .ARM.attributes
                0x000005e7       0x2d c:/program files/atmel/atmel toolchain/arm gcc/native/4.8.1443/arm-gnu-toolchain/bin/../lib/gcc/arm-none-eabi/4.8.4/../../../../arm-none-eabi/lib/armv7-m\libm.a(lib_a-s_matherr.o)
 .ARM.attributes
                0x00000614       0x2d c:/program files/atmel/atmel toolchain/arm gcc/native/4.8.1443/arm-gnu-toolchain/bin/../lib/gcc/arm-none-eabi/4.8.4/../../../../arm-none-eabi/lib/armv7-m\libm.a(lib_a-s_nan.o)
 .ARM.attributes
                0x00000641       0x2d c:/program files/atmel/atmel toolchain/arm gcc/native/4.8.1443/arm-gnu-toolchain/bin/../lib/gcc/arm-none-eabi/4.8.4/../../../../arm-none-eabi/lib/armv7-m\libm.a(lib_a-s_rint.o)
 .ARM.attributes
                0x0000066e       0x2d c:/program files/atmel/atmel toolchain/arm gcc/native/4.8.1443/arm-gnu-toolchain/bin/../lib/gcc/arm-none-eabi/4.8.4/../../../../arm-none-eabi/lib/armv7-m\libm.a(lib_a-s_scalbn.o)
 .ARM.attributes
                0x0000069b       0x2d c:/program files/atmel/atmel toolchain/arm gcc/native/4.8.1443/arm-gnu-toolchain/bin/../lib/gcc/arm-none-eabi/4.8.4/../../../../arm-none-eabi/lib/armv7-m\libm.a(lib_a-s_copysign.o)
 .ARM.attributes
                0x000006c8       0x1d c:/program files/atmel/atmel toolchain/arm gcc/native/4.8.1443/arm-gnu-toolchain/bin/../lib/gcc/arm-none-eabi/4.8.4/armv7-m\libgcc.a(_arm_addsubdf3.o)
 .ARM.attributes
                0x000006e5       0x1d c:/program files/atmel/atmel toolchain/arm gcc/native/4.8.1443/arm-gnu-toolchain/bin/../lib/gcc/arm-none-eabi/4.8.4/armv7-m\libgcc.a(_arm_muldivdf3.o)
 .ARM.attributes
                0x00000702       0x1d c:/program files/atmel/atmel toolchain/arm gcc/native/4.8.1443/arm-gnu-toolchain/bin/../lib/gcc/arm-none-eabi/4.8.4/armv7-m\libgcc.a(_arm_cmpdf2.o)
 .ARM.attributes
                0x0000071f       0x1d c:/program files/atmel/atmel toolchain/arm gcc/native/4.8.1443/arm-gnu-toolchain/bin/../lib/gcc/arm-none-eabi/4.8.4/armv7-m\libgcc.a(_arm_truncdfsf2.o)
 .ARM.attributes
                0x0000073c       0x1d c:/program files/atmel/atmel toolchain/arm gcc/native/4.8.1443/arm-gnu-toolchain/bin/../lib/gcc/arm-none-eabi/4.8.4/armv7-m\libgcc.a(_arm_addsubsf3.o)
 .ARM.attributes
                0x00000759       0x1d c:/program files/atmel/atmel toolchain/arm gcc/native/4.8.1443/arm-gnu-toolchain/bin/../lib/gcc/arm-none-eabi/4.8.4/armv7-m\libgcc.a(_arm_muldivsf3.o)
 .ARM.attributes
                0x00000776       0x1d c:/program files/atmel/atmel toolchain/arm gcc/native/4.8.1443/arm-gnu-toolchain/bin/../lib/gcc/arm-none-eabi/4.8.4/armv7-m\libgcc.a(_arm_fixunssfsi.o)
 .ARM.attributes
                0x00000793       0x2d c:/program files/atmel/atmel toolchain/arm gcc/native/4.8.1443/arm-gnu-toolchain/bin/../lib/gcc/arm-none-eabi/4.8.4/../../../../arm-none-eabi/lib/armv7-m\libc.a(lib_a-errno.o)
 .ARM.attributes
                0x000007c0       0x2d c:/program files/atmel/atmel toolchain/arm gcc/native/4.8.1443/arm-gnu-toolchain/bin/../lib/gcc/arm-none-eabi/4.8.4/../../../../arm-none-eabi/lib/armv7-m\libc.a(lib_a-impure.o)
 .ARM.attributes
                0x000007ed       0x2d c:/program files/atmel/atmel toolchain/arm gcc/native/4.8.1443/arm-gnu-toolchain/bin/../lib/gcc/arm-none-eabi/4.8.4/../../../../arm-none-eabi/lib/armv7-m\libc.a(lib_a-init.o)
 .ARM.attributes
                0x0000081a       0x1b c:/program files/atmel/atmel toolchain/arm gcc/native/4.8.1443/arm-gnu-toolchain/bin/../lib/gcc/arm-none-eabi/4.8.4/../../../../arm-none-eabi/lib/armv7-m\libc.a(lib_a-memcpy.o)
 .ARM.attributes
                0x00000835       0x2d c:/program files/atmel/atmel toolchain/arm gcc/native/4.8.1443/arm-gnu-toolchain/bin/../lib/gcc/arm-none-eabi/4.8.4/../../../../arm-none-eabi/lib/armv7-m\libc.a(lib_a-memset.o)
 .ARM.attributes
                0x00000862       0x2d c:/program files/atmel/atmel toolchain/arm gcc/native/4.8.1443/arm-gnu-toolchain/bin/../lib/gcc/arm-none-eabi/4.8.4/../../../../arm-none-eabi/lib/armv7-m\libc.a(lib_a-strncpy.o)
 .ARM.attributes
                0x0000088f       0x2d c:/program files/atmel/atmel toolchain/arm gcc/native/4.8.1443/arm-gnu-toolchain/bin/../lib/gcc/arm-none-eabi/4.8.4/../../../../arm-none-eabi/lib/armv7-m\libc.a(lib_a-__call_atexit.o)
 .ARM.attributes
                0x000008bc       0x2d c:/program files/atmel/atmel toolchain/arm gcc/native/4.8.1443/arm-gnu-toolchain/bin/../lib/gcc/arm-none-eabi/4.8.4/../../../../arm-none-eabi/lib/armv7-m\libc.a(lib_a-atexit.o)
 .ARM.attributes
                0x000008e9       0x2d c:/program files/atmel/atmel toolchain/arm gcc/native/4.8.1443/arm-gnu-toolchain/bin/../lib/gcc/arm-none-eabi/4.8.4/../../../../arm-none-eabi/lib/armv7-m\libc.a(lib_a-fini.o)
 .ARM.attributes
                0x00000916       0x2d c:/program files/atmel/atmel toolchain/arm gcc/native/4.8.1443/arm-gnu-toolchain/bin/../lib/gcc/arm-none-eabi/4.8.4/../../../../arm-none-eabi/lib/armv7-m\libc.a(lib_a-__atexit.o)
 .ARM.attributes
                0x00000943       0x1d c:/program files/atmel/atmel toolchain/arm gcc/native/4.8.1443/arm-gnu-toolchain/bin/../lib/gcc/arm-none-eabi/4.8.4/armv7-m/crtn.o

.comment        0x00000000       0x5b
 .comment       0x00000000       0x5b src/adcSensor.o
                                 0x5c (size before relaxing)
 .comment       0x00000000       0x5c src/ASF/sam/drivers/adc/adc.o
 .comment       0x00000000       0x5c src/io_pwm.o
 .comment       0x00000000       0x5c src/task_pid.o
 .comment       0x00000000       0x5c src/task_uart.o
 .comment       0x00000000       0x5c src/ASF/thirdparty/freertos/freertos-7.3.0/source/list.o
 .comment       0x00000000       0x5c src/ASF/thirdparty/freertos/freertos-7.3.0/source/portable/gcc/sam/port.o
 .comment       0x00000000       0x5c src/ASF/thirdparty/freertos/freertos-7.3.0/source/portable/memmang/heap_4.o
 .comment       0x00000000       0x5c src/ASF/thirdparty/freertos/freertos-7.3.0/source/queue.o
 .comment       0x00000000       0x5c src/ASF/thirdparty/freertos/freertos-7.3.0/source/tasks.o
 .comment       0x00000000       0x5c src/ASF/thirdparty/freertos/freertos-7.3.0/source/timers.o
 .comment       0x00000000       0x5c src/ASF/sam/drivers/pwm/pwm.o
 .comment       0x00000000       0x5c src/io_uart.o
 .comment       0x00000000       0x5c src/ASF/common/services/clock/sam3x/sysclk.o
 .comment       0x00000000       0x5c src/ASF/sam/boards/arduino_due_x/init.o
 .comment       0x00000000       0x5c src/ASF/sam/drivers/pio/pio.o
 .comment       0x00000000       0x5c src/ASF/sam/drivers/pio/pio_handler.o
 .comment       0x00000000       0x5c src/ASF/sam/drivers/pmc/pmc.o
 .comment       0x00000000       0x5c src/ASF/sam/utils/cmsis/sam3x/source/templates/exceptions.o
 .comment       0x00000000       0x5c src/ASF/sam/utils/cmsis/sam3x/source/templates/gcc/startup_sam3x.o
 .comment       0x00000000       0x5c src/ASF/sam/utils/cmsis/sam3x/source/templates/system_sam3x.o
 .comment       0x00000000       0x5c src/main.o

.debug_info     0x00000000    0x10d5b
 .debug_info    0x00000000      0xf7d src/adcSensor.o
 .debug_info    0x00000f7d     0x1196 src/ASF/sam/drivers/adc/adc.o
 .debug_info    0x00002113      0xdb5 src/io_pwm.o
 .debug_info    0x00002ec8     0x1174 src/task_pid.o
 .debug_info    0x0000403c      0xd3b src/task_uart.o
 .debug_info    0x00004d77      0x2b7 src/ASF/thirdparty/freertos/freertos-7.3.0/source/list.o
 .debug_info    0x0000502e      0x3a1 src/ASF/thirdparty/freertos/freertos-7.3.0/source/portable/gcc/sam/port.o
 .debug_info    0x000053cf      0x38d src/ASF/thirdparty/freertos/freertos-7.3.0/source/portable/memmang/heap_4.o
 .debug_info    0x0000575c      0xea7 src/ASF/thirdparty/freertos/freertos-7.3.0/source/queue.o
 .debug_info    0x00006603     0x178e src/ASF/thirdparty/freertos/freertos-7.3.0/source/tasks.o
 .debug_info    0x00007d91      0xb44 src/ASF/thirdparty/freertos/freertos-7.3.0/source/timers.o
 .debug_info    0x000088d5     0x1574 src/ASF/sam/drivers/pwm/pwm.o
 .debug_info    0x00009e49     0x1100 src/io_uart.o
 .debug_info    0x0000af49      0x796 src/ASF/common/services/clock/sam3x/sysclk.o
 .debug_info    0x0000b6df      0x726 src/ASF/sam/boards/arduino_due_x/init.o
 .debug_info    0x0000be05     0x1385 src/ASF/sam/drivers/pio/pio.o
 .debug_info    0x0000d18a      0xe52 src/ASF/sam/drivers/pio/pio_handler.o
 .debug_info    0x0000dfdc     0x1080 src/ASF/sam/drivers/pmc/pmc.o
 .debug_info    0x0000f05c      0x124 src/ASF/sam/utils/cmsis/sam3x/source/templates/exceptions.o
 .debug_info    0x0000f180      0x3bd src/ASF/sam/utils/cmsis/sam3x/source/templates/gcc/startup_sam3x.o
 .debug_info    0x0000f53d      0x4c6 src/ASF/sam/utils/cmsis/sam3x/source/templates/system_sam3x.o
 .debug_info    0x0000fa03     0x1358 src/main.o

.debug_abbrev   0x00000000     0x2d94
 .debug_abbrev  0x00000000      0x291 src/adcSensor.o
 .debug_abbrev  0x00000291      0x235 src/ASF/sam/drivers/adc/adc.o
 .debug_abbrev  0x000004c6      0x1c3 src/io_pwm.o
 .debug_abbrev  0x00000689      0x281 src/task_pid.o
 .debug_abbrev  0x0000090a      0x232 src/task_uart.o
 .debug_abbrev  0x00000b3c       0xfb src/ASF/thirdparty/freertos/freertos-7.3.0/source/list.o
 .debug_abbrev  0x00000c37      0x22c src/ASF/thirdparty/freertos/freertos-7.3.0/source/portable/gcc/sam/port.o
 .debug_abbrev  0x00000e63      0x220 src/ASF/thirdparty/freertos/freertos-7.3.0/source/portable/memmang/heap_4.o
 .debug_abbrev  0x00001083      0x231 src/ASF/thirdparty/freertos/freertos-7.3.0/source/queue.o
 .debug_abbrev  0x000012b4      0x2e0 src/ASF/thirdparty/freertos/freertos-7.3.0/source/tasks.o
 .debug_abbrev  0x00001594      0x261 src/ASF/thirdparty/freertos/freertos-7.3.0/source/timers.o
 .debug_abbrev  0x000017f5      0x231 src/ASF/sam/drivers/pwm/pwm.o
 .debug_abbrev  0x00001a26      0x2ae src/io_uart.o
 .debug_abbrev  0x00001cd4      0x227 src/ASF/common/services/clock/sam3x/sysclk.o
 .debug_abbrev  0x00001efb      0x16d src/ASF/sam/boards/arduino_due_x/init.o
 .debug_abbrev  0x00002068      0x2d5 src/ASF/sam/drivers/pio/pio.o
 .debug_abbrev  0x0000233d      0x257 src/ASF/sam/drivers/pio/pio_handler.o
 .debug_abbrev  0x00002594      0x268 src/ASF/sam/drivers/pmc/pmc.o
 .debug_abbrev  0x000027fc       0x8c src/ASF/sam/utils/cmsis/sam3x/source/templates/exceptions.o
 .debug_abbrev  0x00002888      0x118 src/ASF/sam/utils/cmsis/sam3x/source/templates/gcc/startup_sam3x.o
 .debug_abbrev  0x000029a0      0x115 src/ASF/sam/utils/cmsis/sam3x/source/templates/system_sam3x.o
 .debug_abbrev  0x00002ab5      0x2df src/main.o

.debug_loc      0x00000000     0x6f15
 .debug_loc     0x00000000      0x146 src/adcSensor.o
 .debug_loc     0x00000146      0x980 src/ASF/sam/drivers/adc/adc.o
 .debug_loc     0x00000ac6       0x78 src/io_pwm.o
 .debug_loc     0x00000b3e      0x2cc src/task_pid.o
 .debug_loc     0x00000e0a       0x6e src/task_uart.o
 .debug_loc     0x00000e78       0x91 src/ASF/thirdparty/freertos/freertos-7.3.0/source/list.o
 .debug_loc     0x00000f09      0x100 src/ASF/thirdparty/freertos/freertos-7.3.0/source/portable/gcc/sam/port.o
 .debug_loc     0x00001009      0x371 src/ASF/thirdparty/freertos/freertos-7.3.0/source/portable/memmang/heap_4.o
 .debug_loc     0x0000137a     0x10da src/ASF/thirdparty/freertos/freertos-7.3.0/source/queue.o
 .debug_loc     0x00002454     0x1545 src/ASF/thirdparty/freertos/freertos-7.3.0/source/tasks.o
 .debug_loc     0x00003999      0x9a4 src/ASF/thirdparty/freertos/freertos-7.3.0/source/timers.o
 .debug_loc     0x0000433d      0xd48 src/ASF/sam/drivers/pwm/pwm.o
 .debug_loc     0x00005085       0x44 src/io_uart.o
 .debug_loc     0x000050c9      0x12d src/ASF/common/services/clock/sam3x/sysclk.o
 .debug_loc     0x000051f6       0x20 src/ASF/sam/boards/arduino_due_x/init.o
 .debug_loc     0x00005216      0xa83 src/ASF/sam/drivers/pio/pio.o
 .debug_loc     0x00005c99      0x53d src/ASF/sam/drivers/pio/pio_handler.o
 .debug_loc     0x000061d6      0xc95 src/ASF/sam/drivers/pmc/pmc.o
 .debug_loc     0x00006e6b       0x7e src/ASF/sam/utils/cmsis/sam3x/source/templates/gcc/startup_sam3x.o
 .debug_loc     0x00006ee9       0x2c src/main.o

.debug_aranges  0x00000000      0xbc0
 .debug_aranges
                0x00000000       0x28 src/adcSensor.o
 .debug_aranges
                0x00000028      0x178 src/ASF/sam/drivers/adc/adc.o
 .debug_aranges
                0x000001a0       0x28 src/io_pwm.o
 .debug_aranges
                0x000001c8       0x30 src/task_pid.o
 .debug_aranges
                0x000001f8       0x48 src/task_uart.o
 .debug_aranges
                0x00000240       0x40 src/ASF/thirdparty/freertos/freertos-7.3.0/source/list.o
 .debug_aranges
                0x00000280       0x80 src/ASF/thirdparty/freertos/freertos-7.3.0/source/portable/gcc/sam/port.o
 .debug_aranges
                0x00000300       0x40 src/ASF/thirdparty/freertos/freertos-7.3.0/source/portable/memmang/heap_4.o
 .debug_aranges
                0x00000340       0xc8 src/ASF/thirdparty/freertos/freertos-7.3.0/source/queue.o
 .debug_aranges
                0x00000408      0x130 src/ASF/thirdparty/freertos/freertos-7.3.0/source/tasks.o
 .debug_aranges
                0x00000538       0x60 src/ASF/thirdparty/freertos/freertos-7.3.0/source/timers.o
 .debug_aranges
                0x00000598      0x158 src/ASF/sam/drivers/pwm/pwm.o
 .debug_aranges
                0x000006f0       0x40 src/io_uart.o
 .debug_aranges
                0x00000730       0x40 src/ASF/common/services/clock/sam3x/sysclk.o
 .debug_aranges
                0x00000770       0x20 src/ASF/sam/boards/arduino_due_x/init.o
 .debug_aranges
                0x00000790      0x148 src/ASF/sam/drivers/pio/pio.o
 .debug_aranges
                0x000008d8       0x58 src/ASF/sam/drivers/pio/pio_handler.o
 .debug_aranges
                0x00000930      0x200 src/ASF/sam/drivers/pmc/pmc.o
 .debug_aranges
                0x00000b30       0x20 src/ASF/sam/utils/cmsis/sam3x/source/templates/exceptions.o
 .debug_aranges
                0x00000b50       0x20 src/ASF/sam/utils/cmsis/sam3x/source/templates/gcc/startup_sam3x.o
 .debug_aranges
                0x00000b70       0x30 src/ASF/sam/utils/cmsis/sam3x/source/templates/system_sam3x.o
 .debug_aranges
                0x00000ba0       0x20 src/main.o

.debug_ranges   0x00000000      0xb00
 .debug_ranges  0x00000000       0x18 src/adcSensor.o
 .debug_ranges  0x00000018      0x168 src/ASF/sam/drivers/adc/adc.o
 .debug_ranges  0x00000180       0x18 src/io_pwm.o
 .debug_ranges  0x00000198       0x20 src/task_pid.o
 .debug_ranges  0x000001b8       0x38 src/task_uart.o
 .debug_ranges  0x000001f0       0x30 src/ASF/thirdparty/freertos/freertos-7.3.0/source/list.o
 .debug_ranges  0x00000220       0x70 src/ASF/thirdparty/freertos/freertos-7.3.0/source/portable/gcc/sam/port.o
 .debug_ranges  0x00000290       0x30 src/ASF/thirdparty/freertos/freertos-7.3.0/source/portable/memmang/heap_4.o
 .debug_ranges  0x000002c0       0xb8 src/ASF/thirdparty/freertos/freertos-7.3.0/source/queue.o
 .debug_ranges  0x00000378      0x168 src/ASF/thirdparty/freertos/freertos-7.3.0/source/tasks.o
 .debug_ranges  0x000004e0       0xa8 src/ASF/thirdparty/freertos/freertos-7.3.0/source/timers.o
 .debug_ranges  0x00000588      0x148 src/ASF/sam/drivers/pwm/pwm.o
 .debug_ranges  0x000006d0       0x30 src/io_uart.o
 .debug_ranges  0x00000700       0x30 src/ASF/common/services/clock/sam3x/sysclk.o
 .debug_ranges  0x00000730       0x10 src/ASF/sam/boards/arduino_due_x/init.o
 .debug_ranges  0x00000740      0x138 src/ASF/sam/drivers/pio/pio.o
 .debug_ranges  0x00000878       0x48 src/ASF/sam/drivers/pio/pio_handler.o
 .debug_ranges  0x000008c0      0x1f0 src/ASF/sam/drivers/pmc/pmc.o
 .debug_ranges  0x00000ab0       0x10 src/ASF/sam/utils/cmsis/sam3x/source/templates/exceptions.o
 .debug_ranges  0x00000ac0       0x10 src/ASF/sam/utils/cmsis/sam3x/source/templates/gcc/startup_sam3x.o
 .debug_ranges  0x00000ad0       0x20 src/ASF/sam/utils/cmsis/sam3x/source/templates/system_sam3x.o
 .debug_ranges  0x00000af0       0x10 src/main.o

.debug_macro    0x00000000    0x1932d
 .debug_macro   0x00000000      0x6f7 src/adcSensor.o
 .debug_macro   0x000006f7      0x87a src/adcSensor.o
 .debug_macro   0x00000f71      0x166 src/adcSensor.o
 .debug_macro   0x000010d7      0x4d1 src/adcSensor.o
 .debug_macro   0x000015a8       0x76 src/adcSensor.o
 .debug_macro   0x0000161e       0x16 src/adcSensor.o
 .debug_macro   0x00001634      0x6e4 src/adcSensor.o
 .debug_macro   0x00001d18       0x16 src/adcSensor.o
 .debug_macro   0x00001d2e       0x44 src/adcSensor.o
 .debug_macro   0x00001d72      0x209 src/adcSensor.o
 .debug_macro   0x00001f7b       0x20 src/adcSensor.o
 .debug_macro   0x00001f9b       0x3a src/adcSensor.o
 .debug_macro   0x00001fd5       0x18 src/adcSensor.o
 .debug_macro   0x00001fed      0xb09 src/adcSensor.o
 .debug_macro   0x00002af6      0xab6 src/adcSensor.o
 .debug_macro   0x000035ac      0x569 src/adcSensor.o
 .debug_macro   0x00003b15      0x2b5 src/adcSensor.o
 .debug_macro   0x00003dca      0x31a src/adcSensor.o
 .debug_macro   0x000040e4      0x74f src/adcSensor.o
 .debug_macro   0x00004833       0x82 src/adcSensor.o
 .debug_macro   0x000048b5      0x57b src/adcSensor.o
 .debug_macro   0x00004e30       0x1c src/adcSensor.o
 .debug_macro   0x00004e4c      0x6b7 src/adcSensor.o
 .debug_macro   0x00005503      0x52d src/adcSensor.o
 .debug_macro   0x00005a30       0xbe src/adcSensor.o
 .debug_macro   0x00005aee     0x2342 src/adcSensor.o
 .debug_macro   0x00007e30      0x85d src/adcSensor.o
 .debug_macro   0x0000868d      0xdc9 src/adcSensor.o
 .debug_macro   0x00009456       0x7c src/adcSensor.o
 .debug_macro   0x000094d2      0x263 src/adcSensor.o
 .debug_macro   0x00009735       0x58 src/adcSensor.o
 .debug_macro   0x0000978d      0x9a7 src/adcSensor.o
 .debug_macro   0x0000a134      0x248 src/adcSensor.o
 .debug_macro   0x0000a37c      0x4df src/adcSensor.o
 .debug_macro   0x0000a85b      0x6b3 src/adcSensor.o
 .debug_macro   0x0000af0e      0x59f src/adcSensor.o
 .debug_macro   0x0000b4ad       0x46 src/adcSensor.o
 .debug_macro   0x0000b4f3      0x34d src/adcSensor.o
 .debug_macro   0x0000b840      0x28c src/adcSensor.o
 .debug_macro   0x0000bacc     0x14d7 src/adcSensor.o
 .debug_macro   0x0000cfa3      0x7ba src/adcSensor.o
 .debug_macro   0x0000d75d       0x76 src/adcSensor.o
 .debug_macro   0x0000d7d3       0x82 src/adcSensor.o
 .debug_macro   0x0000d855       0x76 src/adcSensor.o
 .debug_macro   0x0000d8cb       0x4c src/adcSensor.o
 .debug_macro   0x0000d917      0x105 src/adcSensor.o
 .debug_macro   0x0000da1c      0x105 src/adcSensor.o
 .debug_macro   0x0000db21      0x105 src/adcSensor.o
 .debug_macro   0x0000dc26       0x88 src/adcSensor.o
 .debug_macro   0x0000dcae       0x88 src/adcSensor.o
 .debug_macro   0x0000dd36      0x3b4 src/adcSensor.o
 .debug_macro   0x0000e0ea       0xb8 src/adcSensor.o
 .debug_macro   0x0000e1a2       0xb8 src/adcSensor.o
 .debug_macro   0x0000e25a       0xb8 src/adcSensor.o
 .debug_macro   0x0000e312       0xb8 src/adcSensor.o
 .debug_macro   0x0000e3ca      0x2b8 src/adcSensor.o
 .debug_macro   0x0000e682      0x125 src/adcSensor.o
 .debug_macro   0x0000e7a7      0x225 src/adcSensor.o
 .debug_macro   0x0000e9cc      0x225 src/adcSensor.o
 .debug_macro   0x0000ebf1       0x2e src/adcSensor.o
 .debug_macro   0x0000ec1f       0xac src/adcSensor.o
 .debug_macro   0x0000eccb      0x14d src/adcSensor.o
 .debug_macro   0x0000ee18       0x7c src/adcSensor.o
 .debug_macro   0x0000ee94      0x205 src/adcSensor.o
 .debug_macro   0x0000f099       0x64 src/adcSensor.o
 .debug_macro   0x0000f0fd       0xa6 src/adcSensor.o
 .debug_macro   0x0000f1a3       0x7c src/adcSensor.o
 .debug_macro   0x0000f21f       0x16 src/adcSensor.o
 .debug_macro   0x0000f235       0x22 src/adcSensor.o
 .debug_macro   0x0000f257       0x22 src/adcSensor.o
 .debug_macro   0x0000f279      0x115 src/adcSensor.o
 .debug_macro   0x0000f38e      0x115 src/adcSensor.o
 .debug_macro   0x0000f4a3      0x115 src/adcSensor.o
 .debug_macro   0x0000f5b8      0x115 src/adcSensor.o
 .debug_macro   0x0000f6cd       0x1c src/adcSensor.o
 .debug_macro   0x0000f6e9       0x2e src/adcSensor.o
 .debug_macro   0x0000f717       0x22 src/adcSensor.o
 .debug_macro   0x0000f739       0x1c src/adcSensor.o
 .debug_macro   0x0000f755       0x58 src/adcSensor.o
 .debug_macro   0x0000f7ad       0x10 src/adcSensor.o
 .debug_macro   0x0000f7bd      0x273 src/adcSensor.o
 .debug_macro   0x0000fa30      0xd43 src/adcSensor.o
 .debug_macro   0x00010773      0x131 src/adcSensor.o
 .debug_macro   0x000108a4       0x58 src/adcSensor.o
 .debug_macro   0x000108fc       0x35 src/adcSensor.o
 .debug_macro   0x00010931       0xa3 src/adcSensor.o
 .debug_macro   0x000109d4       0x16 src/adcSensor.o
 .debug_macro   0x000109ea       0x35 src/adcSensor.o
 .debug_macro   0x00010a1f       0x10 src/adcSensor.o
 .debug_macro   0x00010a2f       0x52 src/adcSensor.o
 .debug_macro   0x00010a81       0x16 src/adcSensor.o
 .debug_macro   0x00010a97       0x43 src/adcSensor.o
 .debug_macro   0x00010ada      0x180 src/adcSensor.o
 .debug_macro   0x00010c5a       0x10 src/adcSensor.o
 .debug_macro   0x00010c6a       0x22 src/adcSensor.o
 .debug_macro   0x00010c8c       0xbd src/adcSensor.o
 .debug_macro   0x00010d49       0x16 src/adcSensor.o
 .debug_macro   0x00010d5f      0x16c src/adcSensor.o
 .debug_macro   0x00010ecb       0x22 src/adcSensor.o
 .debug_macro   0x00010eed       0x16 src/adcSensor.o
 .debug_macro   0x00010f03       0x16 src/adcSensor.o
 .debug_macro   0x00010f19       0x29 src/adcSensor.o
 .debug_macro   0x00010f42       0x6e src/adcSensor.o
 .debug_macro   0x00010fb0       0x45 src/adcSensor.o
 .debug_macro   0x00010ff5      0x3c3 src/adcSensor.o
 .debug_macro   0x000113b8       0x1c src/adcSensor.o
 .debug_macro   0x000113d4       0x16 src/adcSensor.o
 .debug_macro   0x000113ea       0x34 src/adcSensor.o
 .debug_macro   0x0001141e      0x248 src/adcSensor.o
 .debug_macro   0x00011666      0x790 src/adcSensor.o
 .debug_macro   0x00011df6       0x5e src/adcSensor.o
 .debug_macro   0x00011e54       0x64 src/adcSensor.o
 .debug_macro   0x00011eb8       0x5f src/adcSensor.o
 .debug_macro   0x00011f17       0x90 src/adcSensor.o
 .debug_macro   0x00011fa7       0x28 src/adcSensor.o
 .debug_macro   0x00011fcf       0x22 src/adcSensor.o
 .debug_macro   0x00011ff1       0x46 src/adcSensor.o
 .debug_macro   0x00012037      0x101 src/adcSensor.o
 .debug_macro   0x00012138       0x9c src/adcSensor.o
 .debug_macro   0x000121d4       0x12 src/adcSensor.o
 .debug_macro   0x000121e6       0x1f src/adcSensor.o
 .debug_macro   0x00012205      0x1e7 src/adcSensor.o
 .debug_macro   0x000123ec       0x10 src/adcSensor.o
 .debug_macro   0x000123fc       0x16 src/adcSensor.o
 .debug_macro   0x00012412       0x5e src/adcSensor.o
 .debug_macro   0x00012470       0x43 src/adcSensor.o
 .debug_macro   0x000124b3       0x96 src/adcSensor.o
 .debug_macro   0x00012549       0x77 src/adcSensor.o
 .debug_macro   0x000125c0       0x5d src/adcSensor.o
 .debug_macro   0x0001261d       0x5b src/adcSensor.o
 .debug_macro   0x00012678       0x94 src/adcSensor.o
 .debug_macro   0x0001270c       0x40 src/adcSensor.o
 .debug_macro   0x0001274c       0x70 src/adcSensor.o
 .debug_macro   0x000127bc       0x34 src/adcSensor.o
 .debug_macro   0x000127f0       0x10 src/adcSensor.o
 .debug_macro   0x00012800       0x2e src/adcSensor.o
 .debug_macro   0x0001282e       0x10 src/adcSensor.o
 .debug_macro   0x0001283e      0x1e1 src/adcSensor.o
 .debug_macro   0x00012a1f      0x4c7 src/ASF/sam/drivers/adc/adc.o
 .debug_macro   0x00012ee6      0x549 src/io_pwm.o
 .debug_macro   0x0001342f       0x2e src/io_pwm.o
 .debug_macro   0x0001345d      0x716 src/task_pid.o
 .debug_macro   0x00013b73      0x10e src/task_pid.o
 .debug_macro   0x00013c81       0x7f src/task_pid.o
 .debug_macro   0x00013d00       0xfb src/task_pid.o
 .debug_macro   0x00013dfb       0x26 src/task_pid.o
 .debug_macro   0x00013e21       0x1c src/task_pid.o
 .debug_macro   0x00013e3d       0x1c src/task_pid.o
 .debug_macro   0x00013e59       0x34 src/task_pid.o
 .debug_macro   0x00013e8d       0x1c src/task_pid.o
 .debug_macro   0x00013ea9       0x34 src/task_pid.o
 .debug_macro   0x00013edd      0x6ee src/task_uart.o
 .debug_macro   0x000145cb      0x13f src/ASF/thirdparty/freertos/freertos-7.3.0/source/list.o
 .debug_macro   0x0001470a      0x5ed src/ASF/thirdparty/freertos/freertos-7.3.0/source/portable/gcc/sam/port.o
 .debug_macro   0x00014cf7      0x242 src/ASF/thirdparty/freertos/freertos-7.3.0/source/portable/gcc/sam/port.o
 .debug_macro   0x00014f39      0x160 src/ASF/thirdparty/freertos/freertos-7.3.0/source/portable/memmang/heap_4.o
 .debug_macro   0x00015099      0x1fc src/ASF/thirdparty/freertos/freertos-7.3.0/source/queue.o
 .debug_macro   0x00015295      0x255 src/ASF/thirdparty/freertos/freertos-7.3.0/source/tasks.o
 .debug_macro   0x000154ea       0x97 src/ASF/thirdparty/freertos/freertos-7.3.0/source/tasks.o
 .debug_macro   0x00015581       0xef src/ASF/thirdparty/freertos/freertos-7.3.0/source/tasks.o
 .debug_macro   0x00015670       0xe1 src/ASF/thirdparty/freertos/freertos-7.3.0/source/timers.o
 .debug_macro   0x00015751      0x4db src/ASF/sam/drivers/pwm/pwm.o
 .debug_macro   0x00015c2c      0x6eb src/io_uart.o
 .debug_macro   0x00016317       0x2e src/io_uart.o
 .debug_macro   0x00016345      0x527 src/ASF/common/services/clock/sam3x/sysclk.o
 .debug_macro   0x0001686c      0x566 src/ASF/sam/boards/arduino_due_x/init.o
 .debug_macro   0x00016dd2       0x58 src/ASF/sam/boards/arduino_due_x/init.o
 .debug_macro   0x00016e2a       0x6a src/ASF/sam/boards/arduino_due_x/init.o
 .debug_macro   0x00016e94      0x4c2 src/ASF/sam/drivers/pio/pio.o
 .debug_macro   0x00017356       0x8e src/ASF/sam/drivers/pio/pio.o
 .debug_macro   0x000173e4      0x4c6 src/ASF/sam/drivers/pio/pio_handler.o
 .debug_macro   0x000178aa      0x4bc src/ASF/sam/drivers/pmc/pmc.o
 .debug_macro   0x00017d66       0x58 src/ASF/sam/drivers/pmc/pmc.o
 .debug_macro   0x00017dbe      0x4bb src/ASF/sam/utils/cmsis/sam3x/source/templates/exceptions.o
 .debug_macro   0x00018279      0x4c9 src/ASF/sam/utils/cmsis/sam3x/source/templates/gcc/startup_sam3x.o
 .debug_macro   0x00018742      0x4c9 src/ASF/sam/utils/cmsis/sam3x/source/templates/system_sam3x.o
 .debug_macro   0x00018c0b      0x722 src/main.o

.debug_line     0x00000000    0x10d4f
 .debug_line    0x00000000     0x106a src/adcSensor.o
 .debug_line    0x0000106a      0xe48 src/ASF/sam/drivers/adc/adc.o
 .debug_line    0x00001eb2      0xc34 src/io_pwm.o
 .debug_line    0x00002ae6     0x1136 src/task_pid.o
 .debug_line    0x00003c1c     0x1107 src/task_uart.o
 .debug_line    0x00004d23      0x44f src/ASF/thirdparty/freertos/freertos-7.3.0/source/list.o
 .debug_line    0x00005172      0xdb5 src/ASF/thirdparty/freertos/freertos-7.3.0/source/portable/gcc/sam/port.o
 .debug_line    0x00005f27      0x4aa src/ASF/thirdparty/freertos/freertos-7.3.0/source/portable/memmang/heap_4.o
 .debug_line    0x000063d1      0x7c0 src/ASF/thirdparty/freertos/freertos-7.3.0/source/queue.o
 .debug_line    0x00006b91      0xa0a src/ASF/thirdparty/freertos/freertos-7.3.0/source/tasks.o
 .debug_line    0x0000759b      0x4d6 src/ASF/thirdparty/freertos/freertos-7.3.0/source/timers.o
 .debug_line    0x00007a71      0xe45 src/ASF/sam/drivers/pwm/pwm.o
 .debug_line    0x000088b6     0x108e src/io_uart.o
 .debug_line    0x00009944      0xc30 src/ASF/common/services/clock/sam3x/sysclk.o
 .debug_line    0x0000a574      0xcc2 src/ASF/sam/boards/arduino_due_x/init.o
 .debug_line    0x0000b236      0xe2a src/ASF/sam/drivers/pio/pio.o
 .debug_line    0x0000c060      0xb75 src/ASF/sam/drivers/pio/pio_handler.o
 .debug_line    0x0000cbd5     0x102d src/ASF/sam/drivers/pmc/pmc.o
 .debug_line    0x0000dc02      0xa9d src/ASF/sam/utils/cmsis/sam3x/source/templates/exceptions.o
 .debug_line    0x0000e69f      0xaed src/ASF/sam/utils/cmsis/sam3x/source/templates/gcc/startup_sam3x.o
 .debug_line    0x0000f18c      0xb0a src/ASF/sam/utils/cmsis/sam3x/source/templates/system_sam3x.o
 .debug_line    0x0000fc96     0x10b9 src/main.o

.debug_str      0x00000000    0x67ce9
 .debug_str     0x00000000    0x61a3c src/adcSensor.o
                              0x61de3 (size before relaxing)
 .debug_str     0x00061a3c      0x785 src/ASF/sam/drivers/adc/adc.o
                              0x5966c (size before relaxing)
 .debug_str     0x000621c1      0x766 src/io_pwm.o
                              0x5d29a (size before relaxing)
 .debug_str     0x00062927      0x30a src/task_pid.o
                              0x61ed9 (size before relaxing)
 .debug_str     0x00062c31       0x68 src/task_uart.o
                              0x612e7 (size before relaxing)
 .debug_str     0x00062c99      0x153 src/ASF/thirdparty/freertos/freertos-7.3.0/source/list.o
                               0x61d0 (size before relaxing)
 .debug_str     0x00062dec      0x539 src/ASF/thirdparty/freertos/freertos-7.3.0/source/portable/gcc/sam/port.o
                              0x5e996 (size before relaxing)
 .debug_str     0x00063325      0x240 src/ASF/thirdparty/freertos/freertos-7.3.0/source/portable/memmang/heap_4.o
                               0x65e4 (size before relaxing)
 .debug_str     0x00063565     0x1601 src/ASF/thirdparty/freertos/freertos-7.3.0/source/queue.o
                               0x7bab (size before relaxing)
 .debug_str     0x00064b66      0xe37 src/ASF/thirdparty/freertos/freertos-7.3.0/source/tasks.o
                               0x93c0 (size before relaxing)
 .debug_str     0x0006599d      0x383 src/ASF/thirdparty/freertos/freertos-7.3.0/source/timers.o
                               0x6286 (size before relaxing)
 .debug_str     0x00065d20      0x7ea src/ASF/sam/drivers/pwm/pwm.o
                              0x59891 (size before relaxing)
 .debug_str     0x0006650a      0x188 src/io_uart.o
                              0x6145b (size before relaxing)
 .debug_str     0x00066692      0x233 src/ASF/common/services/clock/sam3x/sysclk.o
                              0x5c969 (size before relaxing)
 .debug_str     0x000668c5      0x1c6 src/ASF/sam/boards/arduino_due_x/init.o
                              0x5d232 (size before relaxing)
 .debug_str     0x00066a8b      0x428 src/ASF/sam/drivers/pio/pio.o
                              0x5953e (size before relaxing)
 .debug_str     0x00066eb3      0x445 src/ASF/sam/drivers/pio/pio_handler.o
                              0x59586 (size before relaxing)
 .debug_str     0x000672f8      0x67c src/ASF/sam/drivers/pmc/pmc.o
                              0x595b4 (size before relaxing)
 .debug_str     0x00067974       0x4d src/ASF/sam/utils/cmsis/sam3x/source/templates/exceptions.o
                              0x58bb3 (size before relaxing)
 .debug_str     0x000679c1       0xb2 src/ASF/sam/utils/cmsis/sam3x/source/templates/gcc/startup_sam3x.o
                              0x58c88 (size before relaxing)
 .debug_str     0x00067a73      0x1cd src/ASF/sam/utils/cmsis/sam3x/source/templates/system_sam3x.o
                              0x58e9b (size before relaxing)
 .debug_str     0x00067c40       0xa9 src/main.o
                              0x6163d (size before relaxing)

.debug_frame    0x00000000     0x1d30
 .debug_frame   0x00000000       0x54 src/adcSensor.o
 .debug_frame   0x00000054      0x308 src/ASF/sam/drivers/adc/adc.o
 .debug_frame   0x0000035c       0x44 src/io_pwm.o
 .debug_frame   0x000003a0       0x74 src/task_pid.o
 .debug_frame   0x00000414       0x80 src/task_uart.o
 .debug_frame   0x00000494       0x68 src/ASF/thirdparty/freertos/freertos-7.3.0/source/list.o
 .debug_frame   0x000004fc      0x100 src/ASF/thirdparty/freertos/freertos-7.3.0/source/portable/gcc/sam/port.o
 .debug_frame   0x000005fc       0x7c src/ASF/thirdparty/freertos/freertos-7.3.0/source/portable/memmang/heap_4.o
 .debug_frame   0x00000678      0x264 src/ASF/thirdparty/freertos/freertos-7.3.0/source/queue.o
 .debug_frame   0x000008dc      0x398 src/ASF/thirdparty/freertos/freertos-7.3.0/source/tasks.o
 .debug_frame   0x00000c74      0x110 src/ASF/thirdparty/freertos/freertos-7.3.0/source/timers.o
 .debug_frame   0x00000d84      0x2f8 src/ASF/sam/drivers/pwm/pwm.o
 .debug_frame   0x0000107c       0x60 src/io_uart.o
 .debug_frame   0x000010dc       0x88 src/ASF/common/services/clock/sam3x/sysclk.o
 .debug_frame   0x00001164       0x28 src/ASF/sam/boards/arduino_due_x/init.o
 .debug_frame   0x0000118c      0x2a8 src/ASF/sam/drivers/pio/pio.o
 .debug_frame   0x00001434       0xf8 src/ASF/sam/drivers/pio/pio_handler.o
 .debug_frame   0x0000152c      0x410 src/ASF/sam/drivers/pmc/pmc.o
 .debug_frame   0x0000193c       0x20 src/ASF/sam/utils/cmsis/sam3x/source/templates/exceptions.o
 .debug_frame   0x0000195c       0x28 src/ASF/sam/utils/cmsis/sam3x/source/templates/gcc/startup_sam3x.o
 .debug_frame   0x00001984       0x40 src/ASF/sam/utils/cmsis/sam3x/source/templates/system_sam3x.o
 .debug_frame   0x000019c4       0x2c src/main.o
 .debug_frame   0x000019f0       0x38 c:/program files/atmel/atmel toolchain/arm gcc/native/4.8.1443/arm-gnu-toolchain/bin/../lib/gcc/arm-none-eabi/4.8.4/../../../../arm-none-eabi/lib/armv7-m\libm.a(lib_a-w_pow.o)
 .debug_frame   0x00001a28       0x38 c:/program files/atmel/atmel toolchain/arm gcc/native/4.8.1443/arm-gnu-toolchain/bin/../lib/gcc/arm-none-eabi/4.8.4/../../../../arm-none-eabi/lib/armv7-m\libm.a(lib_a-e_pow.o)
 .debug_frame   0x00001a60       0x34 c:/program files/atmel/atmel toolchain/arm gcc/native/4.8.1443/arm-gnu-toolchain/bin/../lib/gcc/arm-none-eabi/4.8.4/../../../../arm-none-eabi/lib/armv7-m\libm.a(lib_a-e_sqrt.o)
 .debug_frame   0x00001a94       0x20 c:/program files/atmel/atmel toolchain/arm gcc/native/4.8.1443/arm-gnu-toolchain/bin/../lib/gcc/arm-none-eabi/4.8.4/../../../../arm-none-eabi/lib/armv7-m\libm.a(lib_a-s_fabs.o)
 .debug_frame   0x00001ab4       0x20 c:/program files/atmel/atmel toolchain/arm gcc/native/4.8.1443/arm-gnu-toolchain/bin/../lib/gcc/arm-none-eabi/4.8.4/../../../../arm-none-eabi/lib/armv7-m\libm.a(lib_a-s_finite.o)
 .debug_frame   0x00001ad4       0x28 c:/program files/atmel/atmel toolchain/arm gcc/native/4.8.1443/arm-gnu-toolchain/bin/../lib/gcc/arm-none-eabi/4.8.4/../../../../arm-none-eabi/lib/armv7-m\libm.a(lib_a-s_fpclassify.o)
 .debug_frame   0x00001afc       0x20 c:/program files/atmel/atmel toolchain/arm gcc/native/4.8.1443/arm-gnu-toolchain/bin/../lib/gcc/arm-none-eabi/4.8.4/../../../../arm-none-eabi/lib/armv7-m\libm.a(lib_a-s_matherr.o)
 .debug_frame   0x00001b1c       0x20 c:/program files/atmel/atmel toolchain/arm gcc/native/4.8.1443/arm-gnu-toolchain/bin/../lib/gcc/arm-none-eabi/4.8.4/../../../../arm-none-eabi/lib/armv7-m\libm.a(lib_a-s_nan.o)
 .debug_frame   0x00001b3c       0x34 c:/program files/atmel/atmel toolchain/arm gcc/native/4.8.1443/arm-gnu-toolchain/bin/../lib/gcc/arm-none-eabi/4.8.4/../../../../arm-none-eabi/lib/armv7-m\libm.a(lib_a-s_rint.o)
 .debug_frame   0x00001b70       0x30 c:/program files/atmel/atmel toolchain/arm gcc/native/4.8.1443/arm-gnu-toolchain/bin/../lib/gcc/arm-none-eabi/4.8.4/../../../../arm-none-eabi/lib/armv7-m\libm.a(lib_a-s_scalbn.o)
 .debug_frame   0x00001ba0       0x28 c:/program files/atmel/atmel toolchain/arm gcc/native/4.8.1443/arm-gnu-toolchain/bin/../lib/gcc/arm-none-eabi/4.8.4/../../../../arm-none-eabi/lib/armv7-m\libm.a(lib_a-s_copysign.o)
 .debug_frame   0x00001bc8       0x20 c:/program files/atmel/atmel toolchain/arm gcc/native/4.8.1443/arm-gnu-toolchain/bin/../lib/gcc/arm-none-eabi/4.8.4/../../../../arm-none-eabi/lib/armv7-m\libc.a(lib_a-errno.o)
 .debug_frame   0x00001be8       0x2c c:/program files/atmel/atmel toolchain/arm gcc/native/4.8.1443/arm-gnu-toolchain/bin/../lib/gcc/arm-none-eabi/4.8.4/../../../../arm-none-eabi/lib/armv7-m\libc.a(lib_a-init.o)
 .debug_frame   0x00001c14       0x2c c:/program files/atmel/atmel toolchain/arm gcc/native/4.8.1443/arm-gnu-toolchain/bin/../lib/gcc/arm-none-eabi/4.8.4/../../../../arm-none-eabi/lib/armv7-m\libc.a(lib_a-memset.o)
 .debug_frame   0x00001c40       0x2c c:/program files/atmel/atmel toolchain/arm gcc/native/4.8.1443/arm-gnu-toolchain/bin/../lib/gcc/arm-none-eabi/4.8.4/../../../../arm-none-eabi/lib/armv7-m\libc.a(lib_a-strncpy.o)
 .debug_frame   0x00001c6c       0x48 c:/program files/atmel/atmel toolchain/arm gcc/native/4.8.1443/arm-gnu-toolchain/bin/../lib/gcc/arm-none-eabi/4.8.4/../../../../arm-none-eabi/lib/armv7-m\libc.a(lib_a-__call_atexit.o)
 .debug_frame   0x00001cb4       0x20 c:/program files/atmel/atmel toolchain/arm gcc/native/4.8.1443/arm-gnu-toolchain/bin/../lib/gcc/arm-none-eabi/4.8.4/../../../../arm-none-eabi/lib/armv7-m\libc.a(lib_a-atexit.o)
 .debug_frame   0x00001cd4       0x2c c:/program files/atmel/atmel toolchain/arm gcc/native/4.8.1443/arm-gnu-toolchain/bin/../lib/gcc/arm-none-eabi/4.8.4/../../../../arm-none-eabi/lib/armv7-m\libc.a(lib_a-fini.o)
 .debug_frame   0x00001d00       0x30 c:/program files/atmel/atmel toolchain/arm gcc/native/4.8.1443/arm-gnu-toolchain/bin/../lib/gcc/arm-none-eabi/4.8.4/../../../../arm-none-eabi/lib/armv7-m\libc.a(lib_a-__atexit.o)

Cross Reference Table

Symbol                                            File
ADC_Handler                                       src/ASF/sam/utils/cmsis/sam3x/source/templates/exceptions.o
                                                  src/ASF/sam/utils/cmsis/sam3x/source/templates/gcc/startup_sam3x.o
BusFault_Handler                                  src/ASF/sam/utils/cmsis/sam3x/source/templates/exceptions.o
                                                  src/ASF/sam/utils/cmsis/sam3x/source/templates/gcc/startup_sam3x.o
CAN0_Handler                                      src/ASF/sam/utils/cmsis/sam3x/source/templates/exceptions.o
                                                  src/ASF/sam/utils/cmsis/sam3x/source/templates/gcc/startup_sam3x.o
CAN1_Handler                                      src/ASF/sam/utils/cmsis/sam3x/source/templates/exceptions.o
                                                  src/ASF/sam/utils/cmsis/sam3x/source/templates/gcc/startup_sam3x.o
DACC_Handler                                      src/ASF/sam/utils/cmsis/sam3x/source/templates/exceptions.o
                                                  src/ASF/sam/utils/cmsis/sam3x/source/templates/gcc/startup_sam3x.o
DMAC_Handler                                      src/ASF/sam/utils/cmsis/sam3x/source/templates/exceptions.o
                                                  src/ASF/sam/utils/cmsis/sam3x/source/templates/gcc/startup_sam3x.o
DebugMon_Handler                                  src/ASF/sam/utils/cmsis/sam3x/source/templates/exceptions.o
                                                  src/ASF/sam/utils/cmsis/sam3x/source/templates/gcc/startup_sam3x.o
Dummy_Handler                                     src/ASF/sam/utils/cmsis/sam3x/source/templates/exceptions.o
EFC0_Handler                                      src/ASF/sam/utils/cmsis/sam3x/source/templates/exceptions.o
                                                  src/ASF/sam/utils/cmsis/sam3x/source/templates/gcc/startup_sam3x.o
EFC1_Handler                                      src/ASF/sam/utils/cmsis/sam3x/source/templates/exceptions.o
                                                  src/ASF/sam/utils/cmsis/sam3x/source/templates/gcc/startup_sam3x.o
EMAC_Handler                                      src/ASF/sam/utils/cmsis/sam3x/source/templates/exceptions.o
                                                  src/ASF/sam/utils/cmsis/sam3x/source/templates/gcc/startup_sam3x.o
FreeRTOS_CLIGetOutputBuffer                       src/ASF/thirdparty/freertos/freertos-7.3.0/source/FreeRTOS_CLI.o
FreeRTOS_CLIGetParameter                          src/ASF/thirdparty/freertos/freertos-7.3.0/source/FreeRTOS_CLI.o
FreeRTOS_CLIProcessCommand                        src/ASF/thirdparty/freertos/freertos-7.3.0/source/FreeRTOS_CLI.o
FreeRTOS_CLIRegisterCommand                       src/ASF/thirdparty/freertos/freertos-7.3.0/source/FreeRTOS_CLI.o
HSMCI_Handler                                     src/ASF/sam/utils/cmsis/sam3x/source/templates/exceptions.o
                                                  src/ASF/sam/utils/cmsis/sam3x/source/templates/gcc/startup_sam3x.o
HardFault_Handler                                 src/ASF/sam/utils/cmsis/sam3x/source/templates/exceptions.o
                                                  src/ASF/sam/utils/cmsis/sam3x/source/templates/gcc/startup_sam3x.o
Hex_To_Int                                        src/adcSensor.o
MemManage_Handler                                 src/ASF/sam/utils/cmsis/sam3x/source/templates/exceptions.o
                                                  src/ASF/sam/utils/cmsis/sam3x/source/templates/gcc/startup_sam3x.o
NMI_Handler                                       src/ASF/sam/utils/cmsis/sam3x/source/templates/exceptions.o
                                                  src/ASF/sam/utils/cmsis/sam3x/source/templates/gcc/startup_sam3x.o
PIOA_Handler                                      src/ASF/sam/drivers/pio/pio_handler.o
                                                  src/ASF/sam/utils/cmsis/sam3x/source/templates/gcc/startup_sam3x.o
PIOB_Handler                                      src/ASF/sam/drivers/pio/pio_handler.o
                                                  src/ASF/sam/utils/cmsis/sam3x/source/templates/gcc/startup_sam3x.o
PIOC_Handler                                      src/ASF/sam/drivers/pio/pio_handler.o
                                                  src/ASF/sam/utils/cmsis/sam3x/source/templates/gcc/startup_sam3x.o
PIOD_Handler                                      src/ASF/sam/drivers/pio/pio_handler.o
                                                  src/ASF/sam/utils/cmsis/sam3x/source/templates/gcc/startup_sam3x.o
PMC_Handler                                       src/ASF/sam/utils/cmsis/sam3x/source/templates/exceptions.o
                                                  src/ASF/sam/utils/cmsis/sam3x/source/templates/gcc/startup_sam3x.o
PWM_Handler                                       src/ASF/sam/utils/cmsis/sam3x/source/templates/exceptions.o